Archive member included to satisfy reference by file (symbol)

.\CortexM3\ARM_GCC_541\Debug\ElectronicGasPedal.a(CyLib.o)
                              .\CortexM3\ARM_GCC_541\Debug\Cm3Start.o (CyHalt)
.\CortexM3\ARM_GCC_541\Debug\ElectronicGasPedal.a(cyPm.o)
                              .\CortexM3\ARM_GCC_541\Debug\ElectronicGasPedal.a(CyLib.o) (CyPmReadStatus)
.\CortexM3\ARM_GCC_541\Debug\ElectronicGasPedal.a(UART_Joystick.o)
                              .\CortexM3\ARM_GCC_541\Debug\uart.o (UART_Joystick_Start)
.\CortexM3\ARM_GCC_541\Debug\ElectronicGasPedal.a(UART_Joystick_IntClock.o)
                              .\CortexM3\ARM_GCC_541\Debug\ElectronicGasPedal.a(UART_Joystick.o) (UART_Joystick_IntClock_Start)
.\CortexM3\ARM_GCC_541\Debug\ElectronicGasPedal.a(PWM_Engine.o)
                              .\CortexM3\ARM_GCC_541\Debug\pwm_rgb.o (PWM_Engine_WriteCompare)
.\CortexM3\ARM_GCC_541\Debug\ElectronicGasPedal.a(Pin_RedLed.o)
                              .\CortexM3\ARM_GCC_541\Debug\sc_gpio_type.o (Pin_RedLed_Write)
.\CortexM3\ARM_GCC_541\Debug\ElectronicGasPedal.a(ADC_JoyStick.o)
                              .\CortexM3\ARM_GCC_541\Debug\adc.o (ADC_JoyStick_Start)
.\CortexM3\ARM_GCC_541\Debug\ElectronicGasPedal.a(ADC_JoyStick_INT.o)
                              .\CortexM3\ARM_GCC_541\Debug\ElectronicGasPedal.a(ADC_JoyStick.o) (ADC_JoyStick_ISR)
.\CortexM3\ARM_GCC_541\Debug\ElectronicGasPedal.a(ADC_JoyStick_theACLK.o)
                              .\CortexM3\ARM_GCC_541\Debug\ElectronicGasPedal.a(ADC_JoyStick.o) (ADC_JoyStick_theACLK_SetModeRegister)
.\CortexM3\ARM_GCC_541\Debug\ElectronicGasPedal.a(ErikaOS_ee_activate.o)
                              .\CortexM3\ARM_GCC_541\Debug\main.o (EE_oo_ActivateTask)
.\CortexM3\ARM_GCC_541\Debug\ElectronicGasPedal.a(ErikaOS_ee_alsetrel.o)
                              .\CortexM3\ARM_GCC_541\Debug\main.o (EE_oo_SetRelAlarm)
.\CortexM3\ARM_GCC_541\Debug\ElectronicGasPedal.a(ErikaOS_ee_altick.o)
                              .\CortexM3\ARM_GCC_541\Debug\ElectronicGasPedal.a(ErikaOS_ee_alsetrel.o) (EE_oo_counter_object_insert)
.\CortexM3\ARM_GCC_541\Debug\ElectronicGasPedal.a(ErikaOS_ee_evclear.o)
                              .\CortexM3\ARM_GCC_541\Debug\tsk_control.o (EE_oo_ClearEvent)
.\CortexM3\ARM_GCC_541\Debug\ElectronicGasPedal.a(ErikaOS_ee_evget.o)
                              .\CortexM3\ARM_GCC_541\Debug\tsk_control.o (EE_oo_GetEvent)
.\CortexM3\ARM_GCC_541\Debug\ElectronicGasPedal.a(ErikaOS_ee_evset.o)
                              .\CortexM3\ARM_GCC_541\Debug\swc_brakelight.o (EE_oo_SetEvent)
.\CortexM3\ARM_GCC_541\Debug\ElectronicGasPedal.a(ErikaOS_ee_evwait.o)
                              .\CortexM3\ARM_GCC_541\Debug\tsk_control.o (EE_oo_WaitEvent)
.\CortexM3\ARM_GCC_541\Debug\ElectronicGasPedal.a(ErikaOS_ee_irqendin.o)
                              .\CortexM3\ARM_GCC_541\Debug\main.o (EE_IRQ_end_post_stub)
.\CortexM3\ARM_GCC_541\Debug\ElectronicGasPedal.a(ErikaOS_ee_lookup.o)
                              .\CortexM3\ARM_GCC_541\Debug\ElectronicGasPedal.a(ErikaOS_ee_irqendin.o) (EE_oo_IRQ_disable_count)
.\CortexM3\ARM_GCC_541\Debug\ElectronicGasPedal.a(ErikaOS_ee_rq_exchg.o)
                              .\CortexM3\ARM_GCC_541\Debug\ElectronicGasPedal.a(ErikaOS_ee_activate.o) (EE_rq2stk_exchange)
.\CortexM3\ARM_GCC_541\Debug\ElectronicGasPedal.a(ErikaOS_ee_rq_first.o)
                              .\CortexM3\ARM_GCC_541\Debug\ElectronicGasPedal.a(ErikaOS_ee_activate.o) (EE_rq_queryfirst)
.\CortexM3\ARM_GCC_541\Debug\ElectronicGasPedal.a(ErikaOS_ee_rq_inser.o)
                              .\CortexM3\ARM_GCC_541\Debug\ElectronicGasPedal.a(ErikaOS_ee_activate.o) (EE_rq_insert)
.\CortexM3\ARM_GCC_541\Debug\ElectronicGasPedal.a(ErikaOS_ee_shtdown.o)
                              .\CortexM3\ARM_GCC_541\Debug\main.o (EE_oo_ShutdownOS)
.\CortexM3\ARM_GCC_541\Debug\ElectronicGasPedal.a(ErikaOS_ee_startos.o)
                              .\CortexM3\ARM_GCC_541\Debug\ElectronicGasPedal.a(ErikaOS_ee_shtdown.o) (EE_oo_started)
.\CortexM3\ARM_GCC_541\Debug\ElectronicGasPedal.a(ErikaOS_ee_terminat.o)
                              .\CortexM3\ARM_GCC_541\Debug\main.o (EE_oo_TerminateTask)
.\CortexM3\ARM_GCC_541\Debug\ElectronicGasPedal.a(ErikaOS_cortex_mx_ee_utils.o)
                              .\CortexM3\ARM_GCC_541\Debug\main.o (EE_system_init)
.\CortexM3\ARM_GCC_541\Debug\ElectronicGasPedal.a(ErikaOS_common_ee_hal_structs.o)
                              .\CortexM3\ARM_GCC_541\Debug\ElectronicGasPedal.a(ErikaOS_ee_irqendin.o) (EE_std_endcycle_next_tid)
.\CortexM3\ARM_GCC_541\Debug\ElectronicGasPedal.a(ErikaOS_eecfg.o)
                              .\CortexM3\ARM_GCC_541\Debug\ElectronicGasPedal.a(ErikaOS_ee_startos.o) (EE_oo_autostart_task_data)
.\CortexM3\ARM_GCC_541\Debug\ElectronicGasPedal.a(CyBootAsmGnu.o)
                              .\CortexM3\ARM_GCC_541\Debug\cyfitter_cfg.o (CyDelayCycles)
[...]
Memory Configuration

Name             Origin             Length             Attributes
rom              0x00000000         0x00040000         xr
ram              0x1fff8000         0x00010000         xrw
*default*        0x00000000         0xffffffff

Linker script and memory map

LOAD c:/program files (x86)/cypress/psoc creator/4.4/psoc creator/import/gnu/arm/5.4.1/bin/../lib/gcc/arm-none-eabi/5.4.1/armv7-m/crti.o
LOAD c:/program files (x86)/cypress/psoc creator/4.4/psoc creator/import/gnu/arm/5.4.1/bin/../lib/gcc/arm-none-eabi/5.4.1/armv7-m/crtbegin.o
LOAD c:/program files (x86)/cypress/psoc creator/4.4/psoc creator/import/gnu/arm/5.4.1/bin/../lib/gcc/arm-none-eabi/5.4.1/../../../../arm-none-eabi/lib/armv7-m/crt0.o
START GROUP
LOAD .\CortexM3\ARM_GCC_541\Debug\main.o
LOAD .\CortexM3\ARM_GCC_541\Debug\swc_brakelight.o
LOAD .\CortexM3\ARM_GCC_541\Debug\swc_control.o
LOAD .\CortexM3\ARM_GCC_541\Debug\swc_engine.o
LOAD .\CortexM3\ARM_GCC_541\Debug\swc_joystick.o
LOAD .\CortexM3\ARM_GCC_541\Debug\tsk_control.o
LOAD .\CortexM3\ARM_GCC_541\Debug\tsk_io.o
LOAD .\CortexM3\ARM_GCC_541\Debug\tsk_system.o
LOAD .\CortexM3\ARM_GCC_541\Debug\adc.o
LOAD .\CortexM3\ARM_GCC_541\Debug\pwm_rgb.o
LOAD .\CortexM3\ARM_GCC_541\Debug\uart.o
LOAD .\CortexM3\ARM_GCC_541\Debug\watchdog.o
LOAD .\CortexM3\ARM_GCC_541\Debug\rte.o
LOAD .\CortexM3\ARM_GCC_541\Debug\sc_adc.o
LOAD .\CortexM3\ARM_GCC_541\Debug\sc_adc_type.o
LOAD .\CortexM3\ARM_GCC_541\Debug\sc_gpio.o
LOAD .\CortexM3\ARM_GCC_541\Debug\sc_gpio_type.o
LOAD .\CortexM3\ARM_GCC_541\Debug\sc_pwm.o
LOAD .\CortexM3\ARM_GCC_541\Debug\sc_pwm_type.o
LOAD .\CortexM3\ARM_GCC_541\Debug\sc_speed.o
LOAD .\CortexM3\ARM_GCC_541\Debug\sp_common.o
LOAD .\CortexM3\ARM_GCC_541\Debug\cyfitter_cfg.o
LOAD .\CortexM3\ARM_GCC_541\Debug\cymetadata.o
LOAD .\CortexM3\ARM_GCC_541\Debug\Cm3Start.o
LOAD .\CortexM3\ARM_GCC_541\Debug\ElectronicGasPedal.a
LOAD C:\Program Files (x86)\Cypress\PSoC Creator\4.4\PSoC Creator\psoc\content\cycomponentlibrary\CyComponentLibrary.cylib\CortexM3\ARM_GCC_541\Debug\CyComponentLibrary.a
END GROUP
START GROUP
LOAD c:/program files (x86)/cypress/psoc creator/4.4/psoc creator/import/gnu/arm/5.4.1/bin/../lib/gcc/arm-none-eabi/5.4.1/armv7-m\libgcc.a
LOAD c:/program files (x86)/cypress/psoc creator/4.4/psoc creator/import/gnu/arm/5.4.1/bin/../lib/gcc/arm-none-eabi/5.4.1/../../../../arm-none-eabi/lib/armv7-m\libg_nano.a
LOAD c:/program files (x86)/cypress/psoc creator/4.4/psoc creator/import/gnu/arm/5.4.1/bin/../lib/gcc/arm-none-eabi/5.4.1/../../../../arm-none-eabi/lib/armv7-m\libc_nano.a
END GROUP
START GROUP
LOAD c:/program files (x86)/cypress/psoc creator/4.4/psoc creator/import/gnu/arm/5.4.1/bin/../lib/gcc/arm-none-eabi/5.4.1/armv7-m\libgcc.a
LOAD c:/program files (x86)/cypress/psoc creator/4.4/psoc creator/import/gnu/arm/5.4.1/bin/../lib/gcc/arm-none-eabi/5.4.1/../../../../arm-none-eabi/lib/armv7-m\libc_nano.a
END GROUP
LOAD c:/program files (x86)/cypress/psoc creator/4.4/psoc creator/import/gnu/arm/5.4.1/bin/../lib/gcc/arm-none-eabi/5.4.1/armv7-m/crtend.o
LOAD c:/program files (x86)/cypress/psoc creator/4.4/psoc creator/import/gnu/arm/5.4.1/bin/../lib/gcc/arm-none-eabi/5.4.1/armv7-m/crtn.o
START GROUP
LOAD c:/program files (x86)/cypress/psoc creator/4.4/psoc creator/import/gnu/arm/5.4.1/bin/../lib/gcc/arm-none-eabi/5.4.1/armv7-m\libgcc.a
LOAD c:/program files (x86)/cypress/psoc creator/4.4/psoc creator/import/gnu/arm/5.4.1/bin/../lib/gcc/arm-none-eabi/5.4.1/../../../../arm-none-eabi/lib/armv7-m\libc.a
LOAD c:/program files (x86)/cypress/psoc creator/4.4/psoc creator/import/gnu/arm/5.4.1/bin/../lib/gcc/arm-none-eabi/5.4.1/../../../../arm-none-eabi/lib/armv7-m\libnosys.a
END GROUP
                0x00000000                CY_APPL_ORIGIN = 0x0
                0x00000100                CY_FLASH_ROW_SIZE = 0x100
                0x00000020                CY_ECC_ROW_SIZE = 0x20
                0x00000000                CY_EE_IN_BTLDR = 0x0
                0x00000000                CY_APPL_LOADABLE = 0x0
                0x00000800                CY_EE_SIZE = 0x800
                0x00000001                CY_APPL_NUM = 0x1
                0x00000001                CY_APPL_MAX = 0x1
                0x00000040                CY_METADATA_SIZE = 0x40
                0x00000000                CY_APPL_LOADABLE = 0x0
                0x00000000                CY_CHECKSUM_EXCLUDE_SIZE = ALIGN (0x0, CY_FLASH_ROW_SIZE)
                [!provide]                PROVIDE (__cy_heap_start, _end)
                0x00000001                PROVIDE (__cy_region_num, ((__cy_regions_end - __cy_regions) / 0x10))
                0x20008000                PROVIDE (__cy_stack, (ORIGIN (ram) + LENGTH (ram)))
                [!provide]                PROVIDE (__cy_heap_end, (__cy_stack - 0x800))

.cybootloader   0x00000000        0x0
 *(.cybootloader)
                0x00000000                appl1_start = CY_APPL_ORIGIN?CY_APPL_ORIGIN:ALIGN (CY_FLASH_ROW_SIZE)
                0x0001ff00                appl2_start = (appl1_start + ALIGN ((((LENGTH (rom) - appl1_start) - (0x2 * CY_FLASH_ROW_SIZE)) / 0x2), CY_FLASH_ROW_SIZE))
                0x00000000                appl_start = (CY_APPL_NUM == 0x1)?appl1_start:appl2_start
                0x00000000                ecc_offset = ((appl_start / CY_FLASH_ROW_SIZE) * CY_ECC_ROW_SIZE)
                0x00000000                ee_offset = (CY_APPL_LOADABLE && ! (CY_EE_IN_BTLDR))?((CY_EE_SIZE / CY_APPL_MAX) * (CY_APPL_NUM - 0x1)):0x0
                0x00000800                ee_size = (CY_APPL_LOADABLE && ! (CY_EE_IN_BTLDR))?(CY_EE_SIZE / CY_APPL_MAX):CY_EE_SIZE
                [!provide]                PROVIDE (CY_ECC_OFFSET, ecc_offset)

.text           0x00000000     0x26a8
 CREATE_OBJECT_SYMBOLS
                0x00000000                PROVIDE (__cy_interrupt_vector, RomVectors)
 *(.romvectors)
 .romvectors    0x00000000       0x10 .\CortexM3\ARM_GCC_541\Debug\Cm3Start.o
                0x00000000                RomVectors
                0x00000001                ASSERT ((. != __cy_interrupt_vector), No interrupt vector)
                0x00000001                ASSERT (CY_APPL_ORIGIN?(SIZEOF (.cybootloader) <= CY_APPL_ORIGIN):0x1, Wrong image location)
                0x00000010                PROVIDE (__cy_reset, Reset)
 *(.text.Reset)
 .text.Reset    0x00000010       0x18 .\CortexM3\ARM_GCC_541\Debug\Cm3Start.o
                0x00000010                Reset
                0x00000001                ASSERT ((. != __cy_reset), No reset code)
 *(.dma_init)
                0x00000001                ASSERT ((((appl_start + .) <= 0x10000) || 0x1), DMA Init must be within the first 64k of flash)
 *(.text .text.* .gnu.linkonce.t.*)
 .text          0x00000028       0x5c c:/program files (x86)/cypress/psoc creator/4.4/psoc creator/import/gnu/arm/5.4.1/bin/../lib/gcc/arm-none-eabi/5.4.1/armv7-m/crtbegin.o
 .text.ISR2_systick_handler
                0x00000084        0xc .\CortexM3\ARM_GCC_541\Debug\main.o
                0x00000084                ISR2_systick_handler
 .text.systick_handler
                0x00000090       0x98 .\CortexM3\ARM_GCC_541\Debug\main.o
                0x00000090                systick_handler
 .text.main     0x00000128       0x64 .\CortexM3\ARM_GCC_541\Debug\main.o
                0x00000128                main
 .text.Functsk_init
                0x0000018c       0x44 .\CortexM3\ARM_GCC_541\Debug\main.o
                0x0000018c                Functsk_init
 .text.Functsk_background
                0x000001d0       0x20 .\CortexM3\ARM_GCC_541\Debug\main.o
                0x000001d0                Functsk_background
 .text.ISR2_isr_wdgButton
                0x000001f0        0xc .\CortexM3\ARM_GCC_541\Debug\main.o
                0x000001f0                ISR2_isr_wdgButton
 .text.isr_wdgButton
                0x000001fc       0x98 .\CortexM3\ARM_GCC_541\Debug\main.o
                0x000001fc                isr_wdgButton
 .text.BRAKELIGHT_setBrakelight_run
                0x00000294       0x7c .\CortexM3\ARM_GCC_541\Debug\swc_brakelight.o
                0x00000294                BRAKELIGHT_setBrakelight_run
 .text.CONTROL_calcControl_run
                0x00000310       0x94 .\CortexM3\ARM_GCC_541\Debug\swc_control.o
                0x00000310                CONTROL_calcControl_run
 .text.ENGINE_setEngine_run
                0x000003a4       0x84 .\CortexM3\ARM_GCC_541\Debug\swc_engine.o
                0x000003a4                ENGINE_setEngine_run
 .text.JOYSTICK_readJoystick_run
                0x00000428       0xc4 .\CortexM3\ARM_GCC_541\Debug\swc_joystick.o
                0x00000428                JOYSTICK_readJoystick_run
 .text.Functsk_control
                0x000004ec       0x2c .\CortexM3\ARM_GCC_541\Debug\tsk_control.o
                0x000004ec                Functsk_control
 .text.Functsk_io
                0x00000518       0x58 .\CortexM3\ARM_GCC_541\Debug\tsk_io.o
                0x00000518                Functsk_io
 .text.Functsk_system
                0x00000570       0x10 .\CortexM3\ARM_GCC_541\Debug\tsk_system.o
                0x00000570                Functsk_system
 .text.ADC_init
                0x00000580       0x10 .\CortexM3\ARM_GCC_541\Debug\adc.o
                0x00000580                ADC_init
 .text.ADC_getValue
                0x00000590       0x1c .\CortexM3\ARM_GCC_541\Debug\adc.o
                0x00000590                ADC_getValue
 .text.PWM_RGB_init
                0x000005ac       0x10 .\CortexM3\ARM_GCC_541\Debug\pwm_rgb.o
                0x000005ac                PWM_RGB_init
 .text.PWM_Green_setIntensity
                0x000005bc       0x14 .\CortexM3\ARM_GCC_541\Debug\pwm_rgb.o
                0x000005bc                PWM_Green_setIntensity
 .text.UART_init
                0x000005d0        0xc .\CortexM3\ARM_GCC_541\Debug\uart.o
                0x000005d0                UART_init
 .text.UART_Log_Tx
                0x000005dc       0x1c .\CortexM3\ARM_GCC_541\Debug\uart.o
                0x000005dc                UART_Log_Tx
 .text.WD_Start
                0x000005f8        0xc .\CortexM3\ARM_GCC_541\Debug\watchdog.o
                0x000005f8                WD_Start
 .text.WD_Trigger
                0x00000604        0xc .\CortexM3\ARM_GCC_541\Debug\watchdog.o
                0x00000604                WD_Trigger
 .text.WD_CheckResetBit
                0x00000610       0x18 .\CortexM3\ARM_GCC_541\Debug\watchdog.o
                0x00000610                WD_CheckResetBit
 .text.WD_Alive
                0x00000628       0x10 .\CortexM3\ARM_GCC_541\Debug\watchdog.o
                0x00000628                WD_Alive
 .text.RTE_ProcessCyclicTable
                0x00000638       0x30 .\CortexM3\ARM_GCC_541\Debug\rte.o
                0x00000638                RTE_ProcessCyclicTable
 .text.RTE_ProcessEventTable
                0x00000668       0x28 .\CortexM3\ARM_GCC_541\Debug\rte.o
                0x00000668                RTE_ProcessEventTable
 .text.SC_ADC_driverIn
                0x00000690       0x3c .\CortexM3\ARM_GCC_541\Debug\sc_adc_type.o
                0x00000690                SC_ADC_driverIn
 .text.SC_GPIO_driverOut
                0x000006cc        0xc .\CortexM3\ARM_GCC_541\Debug\sc_gpio_type.o
                0x000006cc                SC_GPIO_driverOut
 .text.SC_PWM_driverOut
                0x000006d8        0xc .\CortexM3\ARM_GCC_541\Debug\sc_pwm_type.o
                0x000006d8                SC_PWM_driverOut
 .text.RTE_timertick_sp_common_tick
                0x000006e4       0x48 .\CortexM3\ARM_GCC_541\Debug\sp_common.o
                0x000006e4                RTE_timertick_sp_common_tick
 .text.CyClockStartupError
                0x0000072c        0x4 .\CortexM3\ARM_GCC_541\Debug\cyfitter_cfg.o
 .text.cfg_write_bytes32
                0x00000730       0x34 .\CortexM3\ARM_GCC_541\Debug\cyfitter_cfg.o
 .text.CYMEMZERO
                0x00000764        0xc .\CortexM3\ARM_GCC_541\Debug\cyfitter_cfg.o
 .text.AnalogSetDefault
                0x00000770       0x7c .\CortexM3\ARM_GCC_541\Debug\cyfitter_cfg.o
 .text.CYCONFIGCPY
                0x000007ec        0x8 .\CortexM3\ARM_GCC_541\Debug\cyfitter_cfg.o
 .text.ClockSetup
                0x000007f4       0xf0 .\CortexM3\ARM_GCC_541\Debug\cyfitter_cfg.o
 .text.cyfitter_cfg
                0x000008e4      0x120 .\CortexM3\ARM_GCC_541\Debug\cyfitter_cfg.o
                0x000008e4                cyfitter_cfg
 .text.IntDefaultHandler
                0x00000a04       0x10 .\CortexM3\ARM_GCC_541\Debug\Cm3Start.o
                0x00000a04                IntDefaultHandler
 .text._sbrk    0x00000a14       0x30 .\CortexM3\ARM_GCC_541\Debug\Cm3Start.o
                0x00000a14                _sbrk
 .text.Start_c  0x00000a44       0x4c .\CortexM3\ARM_GCC_541\Debug\Cm3Start.o
                0x00000a44                Start_c
 .text.initialize_psoc
                0x00000a90       0x68 .\CortexM3\ARM_GCC_541\Debug\Cm3Start.o
                0x00000a90                initialize_psoc
 .text.CyHalt   0x00000af8        0x4 .\CortexM3\ARM_GCC_541\Debug\ElectronicGasPedal.a(CyLib.o)
                0x00000af8                CyHalt
 .text.CyDelay  0x00000afc       0x2c .\CortexM3\ARM_GCC_541\Debug\ElectronicGasPedal.a(CyLib.o)
                0x00000afc                CyDelay
 .text.CyDelayUs
                0x00000b28       0x14 .\CortexM3\ARM_GCC_541\Debug\ElectronicGasPedal.a(CyLib.o)
                0x00000b28                CyDelayUs
 .text.CyWdtStart
                0x00000b3c       0x40 .\CortexM3\ARM_GCC_541\Debug\ElectronicGasPedal.a(CyLib.o)
                0x00000b3c                CyWdtStart
 .text.CyWdtClear
                0x00000b7c        0xc .\CortexM3\ARM_GCC_541\Debug\ElectronicGasPedal.a(CyLib.o)
                0x00000b7c                CyWdtClear
 .text.CyIntSetVector
                0x00000b88       0x28 .\CortexM3\ARM_GCC_541\Debug\ElectronicGasPedal.a(CyLib.o)
                0x00000b88                CyIntSetVector
 .text.CyIntSetPriority
                0x00000bb0       0x30 .\CortexM3\ARM_GCC_541\Debug\ElectronicGasPedal.a(CyLib.o)
                0x00000bb0                CyIntSetPriority
 .text.UART_Joystick_Init
                0x00000be0       0x28 .\CortexM3\ARM_GCC_541\Debug\ElectronicGasPedal.a(UART_Joystick.o)
                0x00000be0                UART_Joystick_Init
 .text.UART_Joystick_Enable
                0x00000c08       0x3c .\CortexM3\ARM_GCC_541\Debug\ElectronicGasPedal.a(UART_Joystick.o)
                0x00000c08                UART_Joystick_Enable
 .text.UART_Joystick_Start
                0x00000c44       0x1c .\CortexM3\ARM_GCC_541\Debug\ElectronicGasPedal.a(UART_Joystick.o)
                0x00000c44                UART_Joystick_Start
 .text.UART_Joystick_PutChar
                0x00000c60       0x18 .\CortexM3\ARM_GCC_541\Debug\ElectronicGasPedal.a(UART_Joystick.o)
                0x00000c60                UART_Joystick_PutChar
 .text.UART_Joystick_PutString
                0x00000c78       0x24 .\CortexM3\ARM_GCC_541\Debug\ElectronicGasPedal.a(UART_Joystick.o)
                0x00000c78                UART_Joystick_PutString
 .text.UART_Joystick_IntClock_Start
                0x00000c9c       0x1c .\CortexM3\ARM_GCC_541\Debug\ElectronicGasPedal.a(UART_Joystick_IntClock.o)
                0x00000c9c                UART_Joystick_IntClock_Start
 .text.PWM_Engine_Enable
                0x00000cb8       0x10 .\CortexM3\ARM_GCC_541\Debug\ElectronicGasPedal.a(PWM_Engine.o)
                0x00000cb8                PWM_Engine_Enable
 .text.PWM_Engine_WriteCounter
                0x00000cc8        0xc .\CortexM3\ARM_GCC_541\Debug\ElectronicGasPedal.a(PWM_Engine.o)
                0x00000cc8                PWM_Engine_WriteCounter
 .text.PWM_Engine_WritePeriod
                0x00000cd4        0xc .\CortexM3\ARM_GCC_541\Debug\ElectronicGasPedal.a(PWM_Engine.o)
                0x00000cd4                PWM_Engine_WritePeriod
 .text.PWM_Engine_WriteCompare
                0x00000ce0        0xc .\CortexM3\ARM_GCC_541\Debug\ElectronicGasPedal.a(PWM_Engine.o)
                0x00000ce0                PWM_Engine_WriteCompare
 .text.PWM_Engine_SetInterruptMode
                0x00000cec        0xc .\CortexM3\ARM_GCC_541\Debug\ElectronicGasPedal.a(PWM_Engine.o)
                0x00000cec                PWM_Engine_SetInterruptMode
 .text.PWM_Engine_ReadStatusRegister
                0x00000cf8        0xc .\CortexM3\ARM_GCC_541\Debug\ElectronicGasPedal.a(PWM_Engine.o)
                0x00000cf8                PWM_Engine_ReadStatusRegister
 .text.PWM_Engine_ReadCapture
                0x00000d04        0xc .\CortexM3\ARM_GCC_541\Debug\ElectronicGasPedal.a(PWM_Engine.o)
                0x00000d04                PWM_Engine_ReadCapture
 .text.PWM_Engine_ClearFIFO
                0x00000d10       0x14 .\CortexM3\ARM_GCC_541\Debug\ElectronicGasPedal.a(PWM_Engine.o)
                0x00000d10                PWM_Engine_ClearFIFO
 .text.PWM_Engine_Init
                0x00000d24       0x50 .\CortexM3\ARM_GCC_541\Debug\ElectronicGasPedal.a(PWM_Engine.o)
                0x00000d24                PWM_Engine_Init
 .text.PWM_Engine_Start
                0x00000d74       0x1c .\CortexM3\ARM_GCC_541\Debug\ElectronicGasPedal.a(PWM_Engine.o)
                0x00000d74                PWM_Engine_Start
 .text.Pin_RedLed_Write
                0x00000d90       0x18 .\CortexM3\ARM_GCC_541\Debug\ElectronicGasPedal.a(Pin_RedLed.o)
                0x00000d90                Pin_RedLed_Write
 .text.ADC_JoyStick_CalcGain
                0x00000da8       0x70 .\CortexM3\ARM_GCC_541\Debug\ElectronicGasPedal.a(ADC_JoyStick.o)
 .text.ADC_JoyStick_Enable
                0x00000e18       0x94 .\CortexM3\ARM_GCC_541\Debug\ElectronicGasPedal.a(ADC_JoyStick.o)
                0x00000e18                ADC_JoyStick_Enable
 .text.ADC_JoyStick_SetResolution
                0x00000eac       0x38 .\CortexM3\ARM_GCC_541\Debug\ElectronicGasPedal.a(ADC_JoyStick.o)
                0x00000eac                ADC_JoyStick_SetResolution
 .text.ADC_JoyStick_Init
                0x00000ee4       0x3c .\CortexM3\ARM_GCC_541\Debug\ElectronicGasPedal.a(ADC_JoyStick.o)
                0x00000ee4                ADC_JoyStick_Init
 .text.ADC_JoyStick_Start
                0x00000f20       0x1c .\CortexM3\ARM_GCC_541\Debug\ElectronicGasPedal.a(ADC_JoyStick.o)
                0x00000f20                ADC_JoyStick_Start
 .text.ADC_JoyStick_StartConvert
                0x00000f3c       0x10 .\CortexM3\ARM_GCC_541\Debug\ElectronicGasPedal.a(ADC_JoyStick.o)
                0x00000f3c                ADC_JoyStick_StartConvert
 .text.ADC_JoyStick_IsEndConversion
                0x00000f4c       0x24 .\CortexM3\ARM_GCC_541\Debug\ElectronicGasPedal.a(ADC_JoyStick.o)
                0x00000f4c                ADC_JoyStick_IsEndConversion
 .text.ADC_JoyStick_GetResult8
                0x00000f70       0x18 .\CortexM3\ARM_GCC_541\Debug\ElectronicGasPedal.a(ADC_JoyStick.o)
                0x00000f70                ADC_JoyStick_GetResult8
 .text.ADC_JoyStick_ISR
                0x00000f88        0x4 .\CortexM3\ARM_GCC_541\Debug\ElectronicGasPedal.a(ADC_JoyStick_INT.o)
                0x00000f88                ADC_JoyStick_ISR
 .text.ADC_JoyStick_theACLK_SetModeRegister
                0x00000f8c       0x14 .\CortexM3\ARM_GCC_541\Debug\ElectronicGasPedal.a(ADC_JoyStick_theACLK.o)
                0x00000f8c                ADC_JoyStick_theACLK_SetModeRegister
 .text.EE_oo_ActivateTask
                0x00000fa0       0xe8 .\CortexM3\ARM_GCC_541\Debug\ElectronicGasPedal.a(ErikaOS_ee_activate.o)
                0x00000fa0                EE_oo_ActivateTask
 .text.EE_oo_SetRelAlarm
                0x00001088       0x80 .\CortexM3\ARM_GCC_541\Debug\ElectronicGasPedal.a(ErikaOS_ee_alsetrel.o)
                0x00001088                EE_oo_SetRelAlarm
 .text.EE_oo_handle_action_callback
                0x00001108        0xc .\CortexM3\ARM_GCC_541\Debug\ElectronicGasPedal.a(ErikaOS_ee_altick.o)
 .text.EE_oo_handle_action_task
                0x00001114       0x4c .\CortexM3\ARM_GCC_541\Debug\ElectronicGasPedal.a(ErikaOS_ee_altick.o)
 .text.EE_oo_handle_action_event
                0x00001160       0x60 .\CortexM3\ARM_GCC_541\Debug\ElectronicGasPedal.a(ErikaOS_ee_altick.o)
 .text.EE_oo_handle_action
                0x000011c0       0x28 .\CortexM3\ARM_GCC_541\Debug\ElectronicGasPedal.a(ErikaOS_ee_altick.o)
 .text.EE_oo_counter_object_insert
                0x000011e8       0x9c .\CortexM3\ARM_GCC_541\Debug\ElectronicGasPedal.a(ErikaOS_ee_altick.o)
                0x000011e8                EE_oo_counter_object_insert
 .text.EE_oo_IncrementCounterImplementation
                0x00001284      0x100 .\CortexM3\ARM_GCC_541\Debug\ElectronicGasPedal.a(ErikaOS_ee_altick.o)
                0x00001284                EE_oo_IncrementCounterImplementation
 .text.EE_oo_IncrementCounter
                0x00001384       0xb0 .\CortexM3\ARM_GCC_541\Debug\ElectronicGasPedal.a(ErikaOS_ee_altick.o)
                0x00001384                EE_oo_IncrementCounter
 .text.EE_oo_ClearEvent
                0x00001434       0x5c .\CortexM3\ARM_GCC_541\Debug\ElectronicGasPedal.a(ErikaOS_ee_evclear.o)
                0x00001434                EE_oo_ClearEvent
 .text.EE_oo_GetEvent
                0x00001490       0x40 .\CortexM3\ARM_GCC_541\Debug\ElectronicGasPedal.a(ErikaOS_ee_evget.o)
                0x00001490                EE_oo_GetEvent
 .text.EE_oo_SetEvent
                0x000014d0      0x100 .\CortexM3\ARM_GCC_541\Debug\ElectronicGasPedal.a(ErikaOS_ee_evset.o)
                0x000014d0                EE_oo_SetEvent
 .text.EE_oo_WaitEvent
                0x000015d0      0x110 .\CortexM3\ARM_GCC_541\Debug\ElectronicGasPedal.a(ErikaOS_ee_evwait.o)
                0x000015d0                EE_oo_WaitEvent
 .text.EE_IRQ_run_next_task
                0x000016e0       0x30 .\CortexM3\ARM_GCC_541\Debug\ElectronicGasPedal.a(ErikaOS_ee_irqendin.o)
 .text.EE_IRQ_end_instance
                0x00001710       0x68 .\CortexM3\ARM_GCC_541\Debug\ElectronicGasPedal.a(ErikaOS_ee_irqendin.o)
                0x00001710                EE_IRQ_end_instance
 .text.EE_IRQ_end_post_stub
                0x00001778       0x14 .\CortexM3\ARM_GCC_541\Debug\ElectronicGasPedal.a(ErikaOS_ee_irqendin.o)
                0x00001778                EE_IRQ_end_post_stub
 .text.EE_rq2stk_exchange
                0x0000178c       0x88 .\CortexM3\ARM_GCC_541\Debug\ElectronicGasPedal.a(ErikaOS_ee_rq_exchg.o)
                0x0000178c                EE_rq2stk_exchange
 .text.EE_rq_queryfirst
                0x00001814       0x44 .\CortexM3\ARM_GCC_541\Debug\ElectronicGasPedal.a(ErikaOS_ee_rq_first.o)
                0x00001814                EE_rq_queryfirst
 .text.EE_rq_insert
                0x00001858       0x74 .\CortexM3\ARM_GCC_541\Debug\ElectronicGasPedal.a(ErikaOS_ee_rq_inser.o)
                0x00001858                EE_rq_insert
 .text.EE_oo_shutdown
                0x000018cc        0xc .\CortexM3\ARM_GCC_541\Debug\ElectronicGasPedal.a(ErikaOS_ee_shtdown.o)
 .text.EE_oo_ShutdownOS_internal
                0x000018d8        0x8 .\CortexM3\ARM_GCC_541\Debug\ElectronicGasPedal.a(ErikaOS_ee_shtdown.o)
                0x000018d8                EE_oo_ShutdownOS_internal
 .text.EE_oo_ShutdownOS
                0x000018e0        0x8 .\CortexM3\ARM_GCC_541\Debug\ElectronicGasPedal.a(ErikaOS_ee_shtdown.o)
                0x000018e0                EE_oo_ShutdownOS
 .text.compute_task_tid
                0x000018e8       0x10 .\CortexM3\ARM_GCC_541\Debug\ElectronicGasPedal.a(ErikaOS_ee_startos.o)
 .text.EE_oo_start_os
                0x000018f8        0xc .\CortexM3\ARM_GCC_541\Debug\ElectronicGasPedal.a(ErikaOS_ee_startos.o)
 .text.EE_oo_autostart_tasks
                0x00001904       0x60 .\CortexM3\ARM_GCC_541\Debug\ElectronicGasPedal.a(ErikaOS_ee_startos.o)
 .text.EE_oo_autostart_os
                0x00001964        0xc .\CortexM3\ARM_GCC_541\Debug\ElectronicGasPedal.a(ErikaOS_ee_startos.o)
 .text.EE_oo_StartOS
                0x00001970       0x8c .\CortexM3\ARM_GCC_541\Debug\ElectronicGasPedal.a(ErikaOS_ee_startos.o)
                0x00001970                EE_oo_StartOS
 .text.EE_oo_TerminateTask
                0x000019fc       0x3c .\CortexM3\ARM_GCC_541\Debug\ElectronicGasPedal.a(ErikaOS_ee_terminat.o)
                0x000019fc                EE_oo_TerminateTask
 .text.EE_system_init
                0x00001a38       0x48 .\CortexM3\ARM_GCC_541\Debug\ElectronicGasPedal.a(ErikaOS_cortex_mx_ee_utils.o)
                0x00001a38                EE_system_init
 .text          0x00001a80       0x20 .\CortexM3\ARM_GCC_541\Debug\ElectronicGasPedal.a(CyBootAsmGnu.o)
                0x00001a80                CyDelayCycles
                0x00001a90                CyEnterCriticalSection
                0x00001a98                CyExitCriticalSection
 .text          0x00001aa0       0x7c .\CortexM3\ARM_GCC_541\Debug\ElectronicGasPedal.a(ErikaOS_ee_gnu_change_context_isr.o)
                0x00001aa0                EE_set_switch_context_pri
                0x00001aba                EE_switch_context
                0x00001ac4                EE_cortex_mx_pendsv_ISR
                0x00001b00                EE_cortex_mx_svc_ISR
 .text          0x00001b1c       0x24 .\CortexM3\ARM_GCC_541\Debug\ElectronicGasPedal.a(ErikaOS_ee_gnu_irq_stack.o)
                0x00001b1c                EE_cortex_mx_change_IRQ_stack
                0x00001b2e                EE_cortex_mx_change_IRQ_stack_back
 .text          0x00001b40       0x68 .\CortexM3\ARM_GCC_541\Debug\ElectronicGasPedal.a(ErikaOS_ee_gnu_multi_context.o)
                0x00001b40                EE_cortex_mx_change_context
 .text          0x00001ba8       0x80 .\CortexM3\ARM_GCC_541\Debug\ElectronicGasPedal.a(ErikaOS_ee_gnu_oo.o)
                0x00001ba8                EE_hal_terminate_savestk
                0x00001bf2                EE_hal_terminate_task
 .text.EE_thread_not_terminated
                0x00001c28       0x10 .\CortexM3\ARM_GCC_541\Debug\ElectronicGasPedal.a(ErikaOS_ee_tnterm.o)
                0x00001c28                EE_thread_not_terminated
 .text.EE_oo_thread_stub
                0x00001c38       0x10 .\CortexM3\ARM_GCC_541\Debug\ElectronicGasPedal.a(ErikaOS_ee_tstub.o)
                0x00001c38                EE_oo_thread_stub
 .text.EE_std_run_task_code
                0x00001c48       0x18 .\CortexM3\ARM_GCC_541\Debug\ElectronicGasPedal.a(ErikaOS_cortex_mx_ee_context.o)
                0x00001c48                EE_std_run_task_code
 .text.EE_std_need_context_change
                0x00001c60       0x28 .\CortexM3\ARM_GCC_541\Debug\ElectronicGasPedal.a(ErikaOS_cortex_mx_ee_context.o)
                0x00001c60                EE_std_need_context_change
 .text.EE_thread_rnact_max
                0x00001c88       0x20 .\CortexM3\ARM_GCC_541\Debug\ElectronicGasPedal.a(ErikaOS_ee_thendin.o)
 .text.EE_thread_endcycle_next
                0x00001ca8       0x30 .\CortexM3\ARM_GCC_541\Debug\ElectronicGasPedal.a(ErikaOS_ee_thendin.o)
 .text.EE_thread_end_instance
                0x00001cd8      0x108 .\CortexM3\ARM_GCC_541\Debug\ElectronicGasPedal.a(ErikaOS_ee_thendin.o)
                0x00001cd8                EE_thread_end_instance
 .text.__errno  0x00001de0        0xc c:/program files (x86)/cypress/psoc creator/4.4/psoc creator/import/gnu/arm/5.4.1/bin/../lib/gcc/arm-none-eabi/5.4.1/../../../../arm-none-eabi/lib/armv7-m\libg_nano.a(lib_a-errno.o)
                0x00001de0                __errno
 .text.__libc_init_array
                0x00001dec       0x4c c:/program files (x86)/cypress/psoc creator/4.4/psoc creator/import/gnu/arm/5.4.1/bin/../lib/gcc/arm-none-eabi/5.4.1/../../../../arm-none-eabi/lib/armv7-m\libg_nano.a(lib_a-init.o)
                0x00001dec                __libc_init_array
 .text.memcpy   0x00001e38       0x16 c:/program files (x86)/cypress/psoc creator/4.4/psoc creator/import/gnu/arm/5.4.1/bin/../lib/gcc/arm-none-eabi/5.4.1/../../../../arm-none-eabi/lib/armv7-m\libg_nano.a(lib_a-memcpy-stub.o)
                0x00001e38                memcpy
 .text.memset   0x00001e4e       0x10 c:/program files (x86)/cypress/psoc creator/4.4/psoc creator/import/gnu/arm/5.4.1/bin/../lib/gcc/arm-none-eabi/5.4.1/../../../../arm-none-eabi/lib/armv7-m\libg_nano.a(lib_a-memset.o)
                0x00001e4e                memset
 *fill*         0x00001e5e        0x2 
 .text.sprintf  0x00001e60       0x48 c:/program files (x86)/cypress/psoc creator/4.4/psoc creator/import/gnu/arm/5.4.1/bin/../lib/gcc/arm-none-eabi/5.4.1/../../../../arm-none-eabi/lib/armv7-m\libg_nano.a(lib_a-sprintf.o)
                0x00001e60                siprintf
                0x00001e60                sprintf
 .text.__ssputs_r
                0x00001ea8       0xb2 c:/program files (x86)/cypress/psoc creator/4.4/psoc creator/import/gnu/arm/5.4.1/bin/../lib/gcc/arm-none-eabi/5.4.1/../../../../arm-none-eabi/lib/armv7-m\libg_nano.a(lib_a-nano-svfprintf.o)
                0x00001ea8                __ssputs_r
 *fill*         0x00001f5a        0x2 
 .text._svfprintf_r
                0x00001f5c      0x1e8 c:/program files (x86)/cypress/psoc creator/4.4/psoc creator/import/gnu/arm/5.4.1/bin/../lib/gcc/arm-none-eabi/5.4.1/../../../../arm-none-eabi/lib/armv7-m\libg_nano.a(lib_a-nano-svfprintf.o)
                0x00001f5c                _svfiprintf_r
                0x00001f5c                _svfprintf_r
 .text._printf_common
                0x00002144       0xec c:/program files (x86)/cypress/psoc creator/4.4/psoc creator/import/gnu/arm/5.4.1/bin/../lib/gcc/arm-none-eabi/5.4.1/../../../../arm-none-eabi/lib/armv7-m\libg_nano.a(lib_a-nano-vfprintf_i.o)
                0x00002144                _printf_common
 .text._printf_i
                0x00002230      0x24c c:/program files (x86)/cypress/psoc creator/4.4/psoc creator/import/gnu/arm/5.4.1/bin/../lib/gcc/arm-none-eabi/5.4.1/../../../../arm-none-eabi/lib/armv7-m\libg_nano.a(lib_a-nano-vfprintf_i.o)
                0x00002230                _printf_i
 .text.memchr   0x0000247c       0x1c c:/program files (x86)/cypress/psoc creator/4.4/psoc creator/import/gnu/arm/5.4.1/bin/../lib/gcc/arm-none-eabi/5.4.1/../../../../arm-none-eabi/lib/armv7-m\libg_nano.a(lib_a-memchr-stub.o)
                0x0000247c                memchr
 .text.memmove  0x00002498       0x36 c:/program files (x86)/cypress/psoc creator/4.4/psoc creator/import/gnu/arm/5.4.1/bin/../lib/gcc/arm-none-eabi/5.4.1/../../../../arm-none-eabi/lib/armv7-m\libg_nano.a(lib_a-memmove.o)
                0x00002498                memmove
 *fill*         0x000024ce        0x2 
 .text._free_r  0x000024d0       0x98 c:/program files (x86)/cypress/psoc creator/4.4/psoc creator/import/gnu/arm/5.4.1/bin/../lib/gcc/arm-none-eabi/5.4.1/../../../../arm-none-eabi/lib/armv7-m\libg_nano.a(lib_a-nano-freer.o)
                0x000024d0                _free_r
 .text._malloc_r
                0x00002568       0xbc c:/program files (x86)/cypress/psoc creator/4.4/psoc creator/import/gnu/arm/5.4.1/bin/../lib/gcc/arm-none-eabi/5.4.1/../../../../arm-none-eabi/lib/armv7-m\libg_nano.a(lib_a-nano-mallocr.o)
                0x00002568                _malloc_r
 .text._realloc_r
                0x00002624       0x4c c:/program files (x86)/cypress/psoc creator/4.4/psoc creator/import/gnu/arm/5.4.1/bin/../lib/gcc/arm-none-eabi/5.4.1/../../../../arm-none-eabi/lib/armv7-m\libg_nano.a(lib_a-nano-reallocr.o)
                0x00002624                _realloc_r
 .text._sbrk_r  0x00002670       0x20 c:/program files (x86)/cypress/psoc creator/4.4/psoc creator/import/gnu/arm/5.4.1/bin/../lib/gcc/arm-none-eabi/5.4.1/../../../../arm-none-eabi/lib/armv7-m\libg_nano.a(lib_a-sbrkr.o)
                0x00002670                _sbrk_r
 .text.__malloc_lock
                0x00002690        0x2 c:/program files (x86)/cypress/psoc creator/4.4/psoc creator/import/gnu/arm/5.4.1/bin/../lib/gcc/arm-none-eabi/5.4.1/../../../../arm-none-eabi/lib/armv7-m\libg_nano.a(lib_a-mlock.o)
                0x00002690                __malloc_lock
 .text.__malloc_unlock
                0x00002692        0x2 c:/program files (x86)/cypress/psoc creator/4.4/psoc creator/import/gnu/arm/5.4.1/bin/../lib/gcc/arm-none-eabi/5.4.1/../../../../arm-none-eabi/lib/armv7-m\libg_nano.a(lib_a-mlock.o)
                0x00002692                __malloc_unlock
 .text._malloc_usable_size_r
                0x00002694       0x14 c:/program files (x86)/cypress/psoc creator/4.4/psoc creator/import/gnu/arm/5.4.1/bin/../lib/gcc/arm-none-eabi/5.4.1/../../../../arm-none-eabi/lib/armv7-m\libg_nano.a(lib_a-nano-msizer.o)
                0x00002694                _malloc_usable_size_r
 *(.plt)
 *(.gnu.warning)
 *(.glue_7t)
 .glue_7t       0x000026a8        0x0 linker stubs
 *(.glue_7)
 .glue_7        0x000026a8        0x0 linker stubs
 *(.vfp11_veneer)
 .vfp11_veneer  0x000026a8        0x0 linker stubs
 *(.bootloader)
 *(.ARM.extab* .gnu.linkonce.armextab.*)
 *(.gcc_except_table)

.v4_bx          0x000026a8        0x0
 .v4_bx         0x000026a8        0x0 linker stubs

.iplt           0x000026a8        0x0
 .iplt          0x000026a8        0x0 c:/program files (x86)/cypress/psoc creator/4.4/psoc creator/import/gnu/arm/5.4.1/bin/../lib/gcc/arm-none-eabi/5.4.1/armv7-m/crtbegin.o

.eh_frame_hdr
 *(.eh_frame_hdr)

.eh_frame       0x000026a8        0x4
 *(.eh_frame)
 .eh_frame      0x000026a8        0x0 c:/program files (x86)/cypress/psoc creator/4.4/psoc creator/import/gnu/arm/5.4.1/bin/../lib/gcc/arm-none-eabi/5.4.1/armv7-m/crtbegin.o
 .eh_frame      0x000026a8        0x4 c:/program files (x86)/cypress/psoc creator/4.4/psoc creator/import/gnu/arm/5.4.1/bin/../lib/gcc/arm-none-eabi/5.4.1/armv7-m/crtend.o
                [!provide]                PROVIDE (__exidx_start, .)

.ARM.exidx
 *(.ARM.exidx* .gnu.linkonce.armexidx.*)
                0x000026ac                __exidx_end = .

.rodata         0x000026ac      0x6d4
 *(.rodata .rodata.* .gnu.linkonce.r.*)
 .rodata.str1.4
                0x000026ac       0x45 .\CortexM3\ARM_GCC_541\Debug\main.o
 *fill*         0x000026f1        0x3 
 .rodata.str1.4
                0x000026f4       0x22 .\CortexM3\ARM_GCC_541\Debug\swc_brakelight.o
 *fill*         0x00002716        0x2 
 .rodata.str1.4
                0x00002718       0x25 .\CortexM3\ARM_GCC_541\Debug\swc_control.o
 *fill*         0x0000273d        0x3 
 .rodata.str1.4
                0x00002740       0x23 .\CortexM3\ARM_GCC_541\Debug\swc_engine.o
 *fill*         0x00002763        0x1 
 .rodata.str1.4
                0x00002764       0x28 .\CortexM3\ARM_GCC_541\Debug\swc_joystick.o
                                 0x2c (size before relaxing)
 .rodata        0x0000278c        0xa .\CortexM3\ARM_GCC_541\Debug\tsk_control.o
                0x0000278c                RTE_eventActivationTable_tsk_control
                0x00002794                RTE_eventActivation_tsk_control_size
 *fill*         0x00002796        0x2 
 .rodata        0x00002798       0x1c .\CortexM3\ARM_GCC_541\Debug\tsk_io.o
                0x00002798                RTE_cyclicActivationTable_tsk_io
                0x000027a8                RTE_eventActivationTable_tsk_io
                0x000027b0                RTE_eventActivation_tsk_io_size
                0x000027b2                RTE_cyclicActivation_tsk_io_size
 .rodata        0x000027b4      0x200 .\CortexM3\ARM_GCC_541\Debug\pwm_rgb.o
 .rodata.str1.4
                0x000029b4        0x3 .\CortexM3\ARM_GCC_541\Debug\uart.o
 *fill*         0x000029b7        0x1 
 .rodata.str1.4
                0x000029b8       0x24 .\CortexM3\ARM_GCC_541\Debug\sc_adc_type.o
 .rodata        0x000029dc       0xa8 .\CortexM3\ARM_GCC_541\Debug\sp_common.o
                0x00002a54                so_speed_updTasks
                0x00002a80                so_joystick_updTasks
 .rodata        0x00002a84       0x3a .\CortexM3\ARM_GCC_541\Debug\cyfitter_cfg.o
 *fill*         0x00002abe        0x2 
 .rodata        0x00002ac0      0x100 .\CortexM3\ARM_GCC_541\Debug\ElectronicGasPedal.a(ErikaOS_ee_lookup.o)
                0x00002ac0                EE_rq_lookup
 .rodata        0x00002bc0       0xdc .\CortexM3\ARM_GCC_541\Debug\ElectronicGasPedal.a(ErikaOS_eecfg.o)
                0x00002bc0                EE_oo_autostart_task_data
                0x00002bcc                EE_oo_action_ROM
                0x00002be0                EE_oo_counter_object_ROM
                0x00002bec                EE_ALARM_ID
                0x00002bf0                EE_alarm_ROM
                0x00002bf4                EE_counter_ROM
                0x00002c00                EE_th_is_extended
                0x00002c14                EE_th_rnact_max
                0x00002c28                EE_th_dispatch_prio
                0x00002c3c                EE_EVENT_ID
                0x00002c48                EE_th_ready_prio
                0x00002c5c                EE_terminate_real_th_body
                0x00002c70                EE_hal_thread_body
                0x00002c84                EE_std_thread_tos
 .rodata.str1.4
                0x00002c9c       0x78 .\CortexM3\ARM_GCC_541\Debug\ElectronicGasPedal.a(ErikaOS_eecfg.o)
                                 0x77 (size before relaxing)
 .rodata.str1.1
                0x00002d14        0x2 c:/program files (x86)/cypress/psoc creator/4.4/psoc creator/import/gnu/arm/5.4.1/bin/../lib/gcc/arm-none-eabi/5.4.1/../../../../arm-none-eabi/lib/armv7-m\libg_nano.a(lib_a-impure.o)
 .rodata.str1.1
                0x00002d16       0x11 c:/program files (x86)/cypress/psoc creator/4.4/psoc creator/import/gnu/arm/5.4.1/bin/../lib/gcc/arm-none-eabi/5.4.1/../../../../arm-none-eabi/lib/armv7-m\libg_nano.a(lib_a-nano-svfprintf.o)
 .rodata.str1.1
                0x00002d27       0x22 c:/program files (x86)/cypress/psoc creator/4.4/psoc creator/import/gnu/arm/5.4.1/bin/../lib/gcc/arm-none-eabi/5.4.1/../../../../arm-none-eabi/lib/armv7-m\libg_nano.a(lib_a-nano-vfprintf_i.o)
                0x00002d4c                . = ALIGN (0x4)
 *fill*         0x00002d49        0x3 
 *(.init)
 .init          0x00002d4c        0x4 c:/program files (x86)/cypress/psoc creator/4.4/psoc creator/import/gnu/arm/5.4.1/bin/../lib/gcc/arm-none-eabi/5.4.1/armv7-m/crti.o
                0x00002d4c                _init
 .init          0x00002d50        0x8 c:/program files (x86)/cypress/psoc creator/4.4/psoc creator/import/gnu/arm/5.4.1/bin/../lib/gcc/arm-none-eabi/5.4.1/armv7-m/crtn.o
                0x00002d58                . = ALIGN (0x4)
                0x00002d58                __preinit_array_start = .
 *(.preinit_array)
                0x00002d58                __preinit_array_end = .
                0x00002d58                . = ALIGN (0x4)
                0x00002d58                __init_array_start = .
 *(SORT(.init_array.*))
 *(.init_array)
 .init_array    0x00002d58        0x4 c:/program files (x86)/cypress/psoc creator/4.4/psoc creator/import/gnu/arm/5.4.1/bin/../lib/gcc/arm-none-eabi/5.4.1/armv7-m/crtbegin.o
 .init_array    0x00002d5c        0x4 .\CortexM3\ARM_GCC_541\Debug\Cm3Start.o
                0x00002d60                __init_array_end = .
                0x00002d60                . = ALIGN (0x4)
 *(.fini)
 .fini          0x00002d60        0x4 c:/program files (x86)/cypress/psoc creator/4.4/psoc creator/import/gnu/arm/5.4.1/bin/../lib/gcc/arm-none-eabi/5.4.1/armv7-m/crti.o
                0x00002d60                _fini
 .fini          0x00002d64        0x8 c:/program files (x86)/cypress/psoc creator/4.4/psoc creator/import/gnu/arm/5.4.1/bin/../lib/gcc/arm-none-eabi/5.4.1/armv7-m/crtn.o
                0x00002d6c                . = ALIGN (0x4)
                0x00002d6c                __fini_array_start = .
 *(.fini_array)
 .fini_array    0x00002d6c        0x4 c:/program files (x86)/cypress/psoc creator/4.4/psoc creator/import/gnu/arm/5.4.1/bin/../lib/gcc/arm-none-eabi/5.4.1/armv7-m/crtbegin.o
 *(SORT(.fini_array.*))
                0x00002d70                __fini_array_end = .
                0x00002d70                . = ALIGN (0x4)
 *crtbegin.o(.ctors)
 *(EXCLUDE_FILE(*crtend.o) .ctors)
 *(SORT(.ctors.*))
 *crtend.o(.ctors)
                0x00002d70                . = ALIGN (0x4)
 *crtbegin.o(.dtors)
 *(EXCLUDE_FILE(*crtend.o) .dtors)
 *(SORT(.dtors.*))
 *crtend.o(.dtors)
                0x00002d70                . = ALIGN (0x4)
                0x00002d70                __cy_regions = .
                0x00002d70        0x4 LONG 0x2d80 __cy_region_init_ram
                0x00002d74        0x4 LONG 0x1fff80c8 __cy_region_start_data
                0x00002d78        0x4 LONG 0x1e8 __cy_region_init_size_ram
                0x00002d7c        0x4 LONG 0xae8 __cy_region_zero_size_ram
                0x00002d80                __cy_regions_end = .
                0x00002d80                . = ALIGN (0x8)
                0x00002d80                _etext = .

.cy_checksum_exclude
                0x00002d80        0x0
 *(.cy_checksum_exclude)

.ramvectors     0x1fff8000       0xc0
                0x1fff8000                __cy_region_start_ram = .
 *(.ramvectors)
 .ramvectors    0x1fff8000       0xc0 .\CortexM3\ARM_GCC_541\Debug\Cm3Start.o
                0x1fff8000                CyRamVectors

.noinit         0x1fff80c0        0x1
 *(.noinit)
 .noinit        0x1fff80c0        0x1 .\CortexM3\ARM_GCC_541\Debug\ElectronicGasPedal.a(CyLib.o)
                0x1fff80c0                CyResetStatus

.data           0x1fff80c8      0x1e8 load address 0x00002d80
                0x1fff80c8                __cy_region_start_data = .
 *(.jcr)
 .jcr           0x1fff80c8        0x0 c:/program files (x86)/cypress/psoc creator/4.4/psoc creator/import/gnu/arm/5.4.1/bin/../lib/gcc/arm-none-eabi/5.4.1/armv7-m/crtbegin.o
 .jcr           0x1fff80c8        0x4 c:/program files (x86)/cypress/psoc creator/4.4/psoc creator/import/gnu/arm/5.4.1/bin/../lib/gcc/arm-none-eabi/5.4.1/armv7-m/crtend.o
 *(.got.plt)
 *(.got)
 *(.shdata)
 *(.data .data.* .gnu.linkonce.d.*)
 .data          0x1fff80cc       0x30 .\CortexM3\ARM_GCC_541\Debug\sp_common.o
                0x1fff80cc                SO_JOYSTICK_signal
                0x1fff80d8                SO_SPEED_signal
                0x1fff80e4                SO_ENGINE_signal
                0x1fff80f0                SO_BRAKELIGHT_signal
 .data          0x1fff80fc        0x4 .\CortexM3\ARM_GCC_541\Debug\Cm3Start.o
 .data          0x1fff8100       0x10 .\CortexM3\ARM_GCC_541\Debug\ElectronicGasPedal.a(CyLib.o)
                0x1fff8100                cydelay_32k_ms
                0x1fff8104                cydelay_freq_khz
                0x1fff8108                cydelay_freq_mhz
                0x1fff810c                cydelay_freq_hz
 .data          0x1fff8110      0x138 .\CortexM3\ARM_GCC_541\Debug\ElectronicGasPedal.a(ErikaOS_eecfg.o)
                0x1fff8110                EE_ALARM_NAME
                0x1fff8114                EE_counter_RAM
                0x1fff811c                EE_th_terminate_nextask
                0x1fff8130                EE_rq_pairs_next
                0x1fff8144                EE_rq_link
                0x1fff8158                EE_th_rnact
                0x1fff816c                EE_rq_queues_tail
                0x1fff81ac                EE_rq_queues_head
                0x1fff81ec                EE_stkfirst
                0x1fff81f0                EE_th_next
                0x1fff8204                EE_th_status
                0x1fff8218                EE_EVENT_NAME
                0x1fff8224                EE_TASK_NAME
                0x1fff8238                EE_cortex_mx_IRQ_tos
                0x1fff823c                EE_cortex_mx_system_tos
 .data          0x1fff8248        0x4 .\CortexM3\ARM_GCC_541\Debug\ElectronicGasPedal.a(ErikaOS_ee_gnu_irq_stack.o)
 .data.impure_data
                0x1fff824c       0x60 c:/program files (x86)/cypress/psoc creator/4.4/psoc creator/import/gnu/arm/5.4.1/bin/../lib/gcc/arm-none-eabi/5.4.1/../../../../arm-none-eabi/lib/armv7-m\libg_nano.a(lib_a-impure.o)
 .data._impure_ptr
                0x1fff82ac        0x4 c:/program files (x86)/cypress/psoc creator/4.4/psoc creator/import/gnu/arm/5.4.1/bin/../lib/gcc/arm-none-eabi/5.4.1/../../../../arm-none-eabi/lib/armv7-m\libg_nano.a(lib_a-impure.o)
                0x1fff82ac                _impure_ptr
                0x1fff82b0                . = ALIGN (0x8)
 *(.ram)
                0x1fff82b0                _edata = .

.igot.plt       0x1fff82b0        0x0 load address 0x00002f68
 .igot.plt      0x1fff82b0        0x0 c:/program files (x86)/cypress/psoc creator/4.4/psoc creator/import/gnu/arm/5.4.1/bin/../lib/gcc/arm-none-eabi/5.4.1/armv7-m/crtbegin.o

.bss            0x1fff82b0      0xae8 load address 0x00002f68
                0x1fff82b0                PROVIDE (__bss_start__, .)
 *(.shbss)
 *(.bss .bss.* .gnu.linkonce.b.*)
 .bss           0x1fff82b0       0x1c c:/program files (x86)/cypress/psoc creator/4.4/psoc creator/import/gnu/arm/5.4.1/bin/../lib/gcc/arm-none-eabi/5.4.1/armv7-m/crtbegin.o
 .bss           0x1fff82cc       0x32 .\CortexM3\ARM_GCC_541\Debug\swc_joystick.o
 *fill*         0x1fff82fe        0x2 
 .bss           0x1fff8300        0x4 .\CortexM3\ARM_GCC_541\Debug\tsk_io.o
 .bss           0x1fff8304        0x1 .\CortexM3\ARM_GCC_541\Debug\watchdog.o
                0x1fff8304                bitField
 .bss           0x1fff8305        0x2 .\CortexM3\ARM_GCC_541\Debug\ElectronicGasPedal.a(UART_Joystick.o)
                0x1fff8305                UART_Joystick_initVar
 .bss           0x1fff8307        0x1 .\CortexM3\ARM_GCC_541\Debug\ElectronicGasPedal.a(PWM_Engine.o)
                0x1fff8307                PWM_Engine_initVar
 .bss           0x1fff8308        0x1 .\CortexM3\ARM_GCC_541\Debug\ElectronicGasPedal.a(ADC_JoyStick.o)
                0x1fff8308                ADC_JoyStick_initVar
 *fill*         0x1fff8309        0x3 
 .bss           0x1fff830c       0x4c .\CortexM3\ARM_GCC_541\Debug\ElectronicGasPedal.a(ErikaOS_eecfg.o)
                0x1fff830c                EE_th_waswaiting
                0x1fff8320                EE_th_event_waitmask
                0x1fff8334                EE_th_event_active
                0x1fff8348                EE_rq_free
                0x1fff834c                EE_rq_bitmask
                0x1fff8350                EE_sys_ceiling
                0x1fff8354                EE_cortex_mx_active_tos
 .bss.__malloc_sbrk_start
                0x1fff8358        0x4 c:/program files (x86)/cypress/psoc creator/4.4/psoc creator/import/gnu/arm/5.4.1/bin/../lib/gcc/arm-none-eabi/5.4.1/../../../../arm-none-eabi/lib/armv7-m\libg_nano.a(lib_a-nano-mallocr.o)
                0x1fff8358                __malloc_sbrk_start
 .bss.__malloc_free_list
                0x1fff835c        0x4 c:/program files (x86)/cypress/psoc creator/4.4/psoc creator/import/gnu/arm/5.4.1/bin/../lib/gcc/arm-none-eabi/5.4.1/../../../../arm-none-eabi/lib/armv7-m\libg_nano.a(lib_a-nano-mallocr.o)
                0x1fff835c                __malloc_free_list
 *(COMMON)
 COMMON         0x1fff8360        0x1 .\CortexM3\ARM_GCC_541\Debug\main.o
                0x1fff8360                WDG_RESET_BIT
 *fill*         0x1fff8361        0x3 
 COMMON         0x1fff8364        0xa .\CortexM3\ARM_GCC_541\Debug\ElectronicGasPedal.a(ADC_JoyStick.o)
                0x1fff8364                ADC_JoyStick_countsPerVolt
                0x1fff8366                ADC_JoyStick_shift
                0x1fff8368                ADC_JoyStick_countsPer10Volt
                0x1fff836c                ADC_JoyStick_offset
 *fill*         0x1fff836e        0x2 
 COMMON         0x1fff8370        0x8 .\CortexM3\ARM_GCC_541\Debug\ElectronicGasPedal.a(ErikaOS_ee_lookup.o)
                0x1fff8370                EE_oo_IRQ_disable_count
                0x1fff8374                EE_oo_IRQ_suspend_status
 COMMON         0x1fff8378        0x4 .\CortexM3\ARM_GCC_541\Debug\ElectronicGasPedal.a(ErikaOS_ee_startos.o)
                0x1fff8378                EE_oo_started
 COMMON         0x1fff837c        0x8 .\CortexM3\ARM_GCC_541\Debug\ElectronicGasPedal.a(ErikaOS_common_ee_hal_structs.o)
                0x1fff837c                EE_IRQ_nesting_level
                0x1fff8380                EE_std_endcycle_next_tid
 COMMON         0x1fff8384      0xa0c .\CortexM3\ARM_GCC_541\Debug\ElectronicGasPedal.a(ErikaOS_eecfg.o)
                0x1fff8384                EE_cortex_mx_stack_3
                0x1fff876c                EE_rq_pairs_tid
                0x1fff8780                EE_terminate_data
                0x1fff8794                EE_oo_counter_object_RAM
                0x1fff87a4                EE_ApplicationMode
                0x1fff87a8                EE_cortex_mx_stack_4
                0x1fff8b90                EE_cortex_mx_stack_9
 COMMON         0x1fff8d90        0x4 c:/program files (x86)/cypress/psoc creator/4.4/psoc creator/import/gnu/arm/5.4.1/bin/../lib/gcc/arm-none-eabi/5.4.1/../../../../arm-none-eabi/lib/armv7-m\libg_nano.a(lib_a-reent.o)
                0x1fff8d90                errno
                0x1fff8d98                . = ALIGN (0x8)
 *fill*         0x1fff8d94        0x4 
 *(.ram.b)
                0x1fff8d98                _end = .
                0x1fff8d98                __end = .
                0x1fff8d98                PROVIDE (end, .)
                0x1fff8d98                PROVIDE (__bss_end__, .)
                0x00002d80                __cy_region_init_ram = LOADADDR (.data)
                0x000001e8                __cy_region_init_size_ram = (_edata - ADDR (.data))
                0x00000ae8                __cy_region_zero_size_ram = (_end - _edata)

.heap           0x1fff8d98       0x80 load address 0x00002f68
                0x1fff8d98                . = _end
                0x1fff8e18                . = (. + 0x80)
 *fill*         0x1fff8d98       0x80 
                0x1fff8e18                __cy_heap_limit = .

.stack          0x20007800      0x800
                0x20007800                __cy_stack_limit = .
                0x20008000                . = (. + 0x800)
 *fill*         0x20007800      0x800 
                0x00000001                ASSERT ((__cy_stack_limit >= __cy_heap_limit), region RAM overflowed with stack)
                0x00000000                cy_checksum_exclude_size = (CY_APPL_LOADABLE == 0x1)?SIZEOF (.cy_checksum_exclude):0x0
                0x00000001                ASSERT ((cy_checksum_exclude_size <= CY_CHECKSUM_EXCLUDE_SIZE), CY_BOOT: Section .cy_checksum_exclude size exceedes specified limit.)

.cyloadermeta
 *(.cyloadermeta)

.cyloadablemeta
 *(.cyloadablemeta)

.cyconfigecc    0x80000000      0x41c
 *(.cyconfigecc)
 .cyconfigecc   0x80000000      0x41c .\CortexM3\ARM_GCC_541\Debug\cymetadata.o
                0x80000000                cy_meta_configecc

.cycustnvl      0x90000000        0x4
 *(.cycustnvl)
 .cycustnvl     0x90000000        0x4 .\CortexM3\ARM_GCC_541\Debug\cymetadata.o
                0x90000000                cy_meta_custnvl

.cywolatch      0x90100000        0x4
 *(.cywolatch)
 .cywolatch     0x90100000        0x4 .\CortexM3\ARM_GCC_541\Debug\cymetadata.o
                0x90100000                cy_meta_wonvl

.cyeeprom       0x90200000        0x0
 *(.cyeeprom)
                0x00000001                ASSERT ((. <= ((0x90200000 + ee_offset) + ee_size)), .cyeeprom data will not fit in EEPROM)

.cyflashprotect
                0x90400000      0x100
 *(.cyflashprotect)
 .cyflashprotect
                0x90400000      0x100 .\CortexM3\ARM_GCC_541\Debug\cymetadata.o
                0x90400000                cy_meta_flashprotect

.cymeta         0x90500000        0xc
 *(.cymeta)
 .cymeta        0x90500000        0xc .\CortexM3\ARM_GCC_541\Debug\cymetadata.o
                0x90500000                cy_metadata

.rel.dyn        0x00002f68        0x0 load address 0x9050000c
 .rel.iplt      0x00002f68        0x0 c:/program files (x86)/cypress/psoc creator/4.4/psoc creator/import/gnu/arm/5.4.1/bin/../lib/gcc/arm-none-eabi/5.4.1/armv7-m/crtbegin.o

.stab
 *(.stab)

.stabstr
 *(.stabstr)

.debug
 *(.debug)

.line
 *(.line)

.debug_srcinfo
 *(.debug_srcinfo)

.debug_sfnames
 *(.debug_sfnames)

.debug_aranges  0x00000000      0xed8
 *(.debug_aranges)
 .debug_aranges
                0x00000000       0x58 .\CortexM3\ARM_GCC_541\Debug\main.o
 .debug_aranges
                0x00000058       0x20 .\CortexM3\ARM_GCC_541\Debug\swc_brakelight.o
 .debug_aranges
                0x00000078       0x20 .\CortexM3\ARM_GCC_541\Debug\swc_control.o
 .debug_aranges
                0x00000098       0x20 .\CortexM3\ARM_GCC_541\Debug\swc_engine.o
 .debug_aranges
                0x000000b8       0x20 .\CortexM3\ARM_GCC_541\Debug\swc_joystick.o
 .debug_aranges
                0x000000d8       0x20 .\CortexM3\ARM_GCC_541\Debug\tsk_control.o
 .debug_aranges
                0x000000f8       0x20 .\CortexM3\ARM_GCC_541\Debug\tsk_io.o
 .debug_aranges
                0x00000118       0x20 .\CortexM3\ARM_GCC_541\Debug\tsk_system.o
 .debug_aranges
                0x00000138       0x28 .\CortexM3\ARM_GCC_541\Debug\adc.o
 .debug_aranges
                0x00000160       0x28 .\CortexM3\ARM_GCC_541\Debug\pwm_rgb.o
 .debug_aranges
                0x00000188       0x28 .\CortexM3\ARM_GCC_541\Debug\uart.o
 .debug_aranges
                0x000001b0       0x38 .\CortexM3\ARM_GCC_541\Debug\watchdog.o
 .debug_aranges
                0x000001e8       0x28 .\CortexM3\ARM_GCC_541\Debug\rte.o
 .debug_aranges
                0x00000210       0x20 .\CortexM3\ARM_GCC_541\Debug\sc_adc_type.o
 .debug_aranges
                0x00000230       0x20 .\CortexM3\ARM_GCC_541\Debug\sc_gpio_type.o
 .debug_aranges
                0x00000250       0x20 .\CortexM3\ARM_GCC_541\Debug\sc_pwm_type.o
 .debug_aranges
                0x00000270       0x20 .\CortexM3\ARM_GCC_541\Debug\sp_common.o
 .debug_aranges
                0x00000290       0x58 .\CortexM3\ARM_GCC_541\Debug\cyfitter_cfg.o
 .debug_aranges
                0x000002e8       0x18 .\CortexM3\ARM_GCC_541\Debug\cymetadata.o
 .debug_aranges
                0x00000300       0x48 .\CortexM3\ARM_GCC_541\Debug\Cm3Start.o
 .debug_aranges
                0x00000348      0x2a0 .\CortexM3\ARM_GCC_541\Debug\ElectronicGasPedal.a(CyLib.o)
 .debug_aranges
                0x000005e8       0x98 .\CortexM3\ARM_GCC_541\Debug\ElectronicGasPedal.a(cyPm.o)
 .debug_aranges
                0x00000680       0xf0 .\CortexM3\ARM_GCC_541\Debug\ElectronicGasPedal.a(UART_Joystick.o)
 .debug_aranges
                0x00000770       0x70 .\CortexM3\ARM_GCC_541\Debug\ElectronicGasPedal.a(UART_Joystick_IntClock.o)
 .debug_aranges
                0x000007e0       0x98 .\CortexM3\ARM_GCC_541\Debug\ElectronicGasPedal.a(PWM_Engine.o)
 .debug_aranges
                0x00000878       0x38 .\CortexM3\ARM_GCC_541\Debug\ElectronicGasPedal.a(Pin_RedLed.o)
 .debug_aranges
                0x000008b0       0xa8 .\CortexM3\ARM_GCC_541\Debug\ElectronicGasPedal.a(ADC_JoyStick.o)
 .debug_aranges
                0x00000958       0x20 .\CortexM3\ARM_GCC_541\Debug\ElectronicGasPedal.a(ADC_JoyStick_INT.o)
 .debug_aranges
                0x00000978       0x80 .\CortexM3\ARM_GCC_541\Debug\ElectronicGasPedal.a(ADC_JoyStick_theACLK.o)
 .debug_aranges
                0x000009f8       0x20 .\CortexM3\ARM_GCC_541\Debug\ElectronicGasPedal.a(ErikaOS_ee_activate.o)
 .debug_aranges
                0x00000a18       0x20 .\CortexM3\ARM_GCC_541\Debug\ElectronicGasPedal.a(ErikaOS_ee_alsetrel.o)
 .debug_aranges
                0x00000a38       0x58 .\CortexM3\ARM_GCC_541\Debug\ElectronicGasPedal.a(ErikaOS_ee_altick.o)
 .debug_aranges
                0x00000a90       0x20 .\CortexM3\ARM_GCC_541\Debug\ElectronicGasPedal.a(ErikaOS_ee_evclear.o)
 .debug_aranges
                0x00000ab0       0x20 .\CortexM3\ARM_GCC_541\Debug\ElectronicGasPedal.a(ErikaOS_ee_evget.o)
 .debug_aranges
                0x00000ad0       0x20 .\CortexM3\ARM_GCC_541\Debug\ElectronicGasPedal.a(ErikaOS_ee_evset.o)
 .debug_aranges
                0x00000af0       0x20 .\CortexM3\ARM_GCC_541\Debug\ElectronicGasPedal.a(ErikaOS_ee_evwait.o)
 .debug_aranges
                0x00000b10       0x30 .\CortexM3\ARM_GCC_541\Debug\ElectronicGasPedal.a(ErikaOS_ee_irqendin.o)
 .debug_aranges
                0x00000b40       0x18 .\CortexM3\ARM_GCC_541\Debug\ElectronicGasPedal.a(ErikaOS_ee_lookup.o)
 .debug_aranges
                0x00000b58       0x20 .\CortexM3\ARM_GCC_541\Debug\ElectronicGasPedal.a(ErikaOS_ee_rq_exchg.o)
 .debug_aranges
                0x00000b78       0x20 .\CortexM3\ARM_GCC_541\Debug\ElectronicGasPedal.a(ErikaOS_ee_rq_first.o)
 .debug_aranges
                0x00000b98       0x20 .\CortexM3\ARM_GCC_541\Debug\ElectronicGasPedal.a(ErikaOS_ee_rq_inser.o)
 .debug_aranges
                0x00000bb8       0x30 .\CortexM3\ARM_GCC_541\Debug\ElectronicGasPedal.a(ErikaOS_ee_shtdown.o)
 .debug_aranges
                0x00000be8       0x40 .\CortexM3\ARM_GCC_541\Debug\ElectronicGasPedal.a(ErikaOS_ee_startos.o)
 .debug_aranges
                0x00000c28       0x20 .\CortexM3\ARM_GCC_541\Debug\ElectronicGasPedal.a(ErikaOS_ee_terminat.o)
 .debug_aranges
                0x00000c48       0x20 .\CortexM3\ARM_GCC_541\Debug\ElectronicGasPedal.a(ErikaOS_cortex_mx_ee_utils.o)
 .debug_aranges
                0x00000c68       0x18 .\CortexM3\ARM_GCC_541\Debug\ElectronicGasPedal.a(ErikaOS_common_ee_hal_structs.o)
 .debug_aranges
                0x00000c80       0x18 .\CortexM3\ARM_GCC_541\Debug\ElectronicGasPedal.a(ErikaOS_eecfg.o)
 .debug_aranges
                0x00000c98       0x20 .\CortexM3\ARM_GCC_541\Debug\ElectronicGasPedal.a(CyBootAsmGnu.o)
 .debug_aranges
                0x00000cb8       0x20 .\CortexM3\ARM_GCC_541\Debug\ElectronicGasPedal.a(ErikaOS_ee_gnu_change_context_isr.o)
 .debug_aranges
                0x00000cd8       0x20 .\CortexM3\ARM_GCC_541\Debug\ElectronicGasPedal.a(ErikaOS_ee_gnu_irq_stack.o)
 .debug_aranges
                0x00000cf8       0x20 .\CortexM3\ARM_GCC_541\Debug\ElectronicGasPedal.a(ErikaOS_ee_gnu_multi_context.o)
 .debug_aranges
                0x00000d18       0x20 .\CortexM3\ARM_GCC_541\Debug\ElectronicGasPedal.a(ErikaOS_ee_gnu_oo.o)
 .debug_aranges
                0x00000d38       0x88 .\CortexM3\ARM_GCC_541\Debug\ElectronicGasPedal.a(CyFlash.o)
 .debug_aranges
                0x00000dc0       0x80 .\CortexM3\ARM_GCC_541\Debug\ElectronicGasPedal.a(CySpc.o)
 .debug_aranges
                0x00000e40       0x20 .\CortexM3\ARM_GCC_541\Debug\ElectronicGasPedal.a(ErikaOS_ee_tnterm.o)
 .debug_aranges
                0x00000e60       0x20 .\CortexM3\ARM_GCC_541\Debug\ElectronicGasPedal.a(ErikaOS_ee_tstub.o)
 .debug_aranges
                0x00000e80       0x28 .\CortexM3\ARM_GCC_541\Debug\ElectronicGasPedal.a(ErikaOS_cortex_mx_ee_context.o)
 .debug_aranges
                0x00000ea8       0x30 .\CortexM3\ARM_GCC_541\Debug\ElectronicGasPedal.a(ErikaOS_ee_thendin.o)

.debug_pubnames
 *(.debug_pubnames)

.debug_info     0x00000000    0x13552
 *(.debug_info .gnu.linkonce.wi.*)
 .debug_info    0x00000000      0x804 .\CortexM3\ARM_GCC_541\Debug\main.o
 .debug_info    0x00000804      0x7d3 .\CortexM3\ARM_GCC_541\Debug\swc_brakelight.o
 .debug_info    0x00000fd7      0x81e .\CortexM3\ARM_GCC_541\Debug\swc_control.o
 .debug_info    0x000017f5      0x812 .\CortexM3\ARM_GCC_541\Debug\swc_engine.o
 .debug_info    0x00002007      0x6e2 .\CortexM3\ARM_GCC_541\Debug\swc_joystick.o
 .debug_info    0x000026e9      0x279 .\CortexM3\ARM_GCC_541\Debug\tsk_control.o
 .debug_info    0x00002962      0x32f .\CortexM3\ARM_GCC_541\Debug\tsk_io.o
 .debug_info    0x00002c91      0x16c .\CortexM3\ARM_GCC_541\Debug\tsk_system.o
 .debug_info    0x00002dfd      0x1f3 .\CortexM3\ARM_GCC_541\Debug\adc.o
 .debug_info    0x00002ff0      0x1fe .\CortexM3\ARM_GCC_541\Debug\pwm_rgb.o
 .debug_info    0x000031ee      0x1f7 .\CortexM3\ARM_GCC_541\Debug\uart.o
 .debug_info    0x000033e5      0x27a .\CortexM3\ARM_GCC_541\Debug\watchdog.o
 .debug_info    0x0000365f      0x35f .\CortexM3\ARM_GCC_541\Debug\rte.o
 .debug_info    0x000039be      0x282 .\CortexM3\ARM_GCC_541\Debug\sc_adc_type.o
 .debug_info    0x00003c40      0x25b .\CortexM3\ARM_GCC_541\Debug\sc_gpio_type.o
 .debug_info    0x00003e9b      0x25b .\CortexM3\ARM_GCC_541\Debug\sc_pwm_type.o
 .debug_info    0x000040f6      0xa9b .\CortexM3\ARM_GCC_541\Debug\sp_common.o
 .debug_info    0x00004b91      0x619 .\CortexM3\ARM_GCC_541\Debug\cyfitter_cfg.o
 .debug_info    0x000051aa      0x135 .\CortexM3\ARM_GCC_541\Debug\cymetadata.o
 .debug_info    0x000052df      0x3bb .\CortexM3\ARM_GCC_541\Debug\Cm3Start.o
 .debug_info    0x0000569a     0x1374 .\CortexM3\ARM_GCC_541\Debug\ElectronicGasPedal.a(CyLib.o)
 .debug_info    0x00006a0e      0xa2a .\CortexM3\ARM_GCC_541\Debug\ElectronicGasPedal.a(cyPm.o)
 .debug_info    0x00007438      0x60c .\CortexM3\ARM_GCC_541\Debug\ElectronicGasPedal.a(UART_Joystick.o)
 .debug_info    0x00007a44      0x283 .\CortexM3\ARM_GCC_541\Debug\ElectronicGasPedal.a(UART_Joystick_IntClock.o)
 .debug_info    0x00007cc7      0x333 .\CortexM3\ARM_GCC_541\Debug\ElectronicGasPedal.a(PWM_Engine.o)
 .debug_info    0x00007ffa      0x11f .\CortexM3\ARM_GCC_541\Debug\ElectronicGasPedal.a(Pin_RedLed.o)
 .debug_info    0x00008119      0x5d0 .\CortexM3\ARM_GCC_541\Debug\ElectronicGasPedal.a(ADC_JoyStick.o)
 .debug_info    0x000086e9       0x92 .\CortexM3\ARM_GCC_541\Debug\ElectronicGasPedal.a(ADC_JoyStick_INT.o)
 .debug_info    0x0000877b      0x2c4 .\CortexM3\ARM_GCC_541\Debug\ElectronicGasPedal.a(ADC_JoyStick_theACLK.o)
 .debug_info    0x00008a3f      0x80d .\CortexM3\ARM_GCC_541\Debug\ElectronicGasPedal.a(ErikaOS_ee_activate.o)
 .debug_info    0x0000924c      0x5e5 .\CortexM3\ARM_GCC_541\Debug\ElectronicGasPedal.a(ErikaOS_ee_alsetrel.o)
 .debug_info    0x00009831      0xc3b .\CortexM3\ARM_GCC_541\Debug\ElectronicGasPedal.a(ErikaOS_ee_altick.o)
 .debug_info    0x0000a46c      0x5a7 .\CortexM3\ARM_GCC_541\Debug\ElectronicGasPedal.a(ErikaOS_ee_evclear.o)
 .debug_info    0x0000aa13      0x4ca .\CortexM3\ARM_GCC_541\Debug\ElectronicGasPedal.a(ErikaOS_ee_evget.o)
 .debug_info    0x0000aedd      0x7c3 .\CortexM3\ARM_GCC_541\Debug\ElectronicGasPedal.a(ErikaOS_ee_evset.o)
 .debug_info    0x0000b6a0      0x84e .\CortexM3\ARM_GCC_541\Debug\ElectronicGasPedal.a(ErikaOS_ee_evwait.o)
 .debug_info    0x0000beee      0x5cb .\CortexM3\ARM_GCC_541\Debug\ElectronicGasPedal.a(ErikaOS_ee_irqendin.o)
 .debug_info    0x0000c4b9      0x3d0 .\CortexM3\ARM_GCC_541\Debug\ElectronicGasPedal.a(ErikaOS_ee_lookup.o)
 .debug_info    0x0000c889      0x46f .\CortexM3\ARM_GCC_541\Debug\ElectronicGasPedal.a(ErikaOS_ee_rq_exchg.o)
 .debug_info    0x0000ccf8      0x421 .\CortexM3\ARM_GCC_541\Debug\ElectronicGasPedal.a(ErikaOS_ee_rq_first.o)
 .debug_info    0x0000d119      0x475 .\CortexM3\ARM_GCC_541\Debug\ElectronicGasPedal.a(ErikaOS_ee_rq_inser.o)
 .debug_info    0x0000d58e      0x4f5 .\CortexM3\ARM_GCC_541\Debug\ElectronicGasPedal.a(ErikaOS_ee_shtdown.o)
 .debug_info    0x0000da83     0x2040 .\CortexM3\ARM_GCC_541\Debug\ElectronicGasPedal.a(ErikaOS_ee_startos.o)
 .debug_info    0x0000fac3      0x589 .\CortexM3\ARM_GCC_541\Debug\ElectronicGasPedal.a(ErikaOS_ee_terminat.o)
 .debug_info    0x0001004c      0x513 .\CortexM3\ARM_GCC_541\Debug\ElectronicGasPedal.a(ErikaOS_cortex_mx_ee_utils.o)
 .debug_info    0x0001055f      0x3cb .\CortexM3\ARM_GCC_541\Debug\ElectronicGasPedal.a(ErikaOS_common_ee_hal_structs.o)
 .debug_info    0x0001092a      0x8c7 .\CortexM3\ARM_GCC_541\Debug\ElectronicGasPedal.a(ErikaOS_eecfg.o)
 .debug_info    0x000111f1       0x90 .\CortexM3\ARM_GCC_541\Debug\ElectronicGasPedal.a(CyBootAsmGnu.o)
 .debug_info    0x00011281       0xa5 .\CortexM3\ARM_GCC_541\Debug\ElectronicGasPedal.a(ErikaOS_ee_gnu_change_context_isr.o)
 .debug_info    0x00011326       0x9c .\CortexM3\ARM_GCC_541\Debug\ElectronicGasPedal.a(ErikaOS_ee_gnu_irq_stack.o)
 .debug_info    0x000113c2       0xa0 .\CortexM3\ARM_GCC_541\Debug\ElectronicGasPedal.a(ErikaOS_ee_gnu_multi_context.o)
 .debug_info    0x00011462       0x95 .\CortexM3\ARM_GCC_541\Debug\ElectronicGasPedal.a(ErikaOS_ee_gnu_oo.o)
 .debug_info    0x000114f7      0x64d .\CortexM3\ARM_GCC_541\Debug\ElectronicGasPedal.a(CyFlash.o)
 .debug_info    0x00011b44      0x550 .\CortexM3\ARM_GCC_541\Debug\ElectronicGasPedal.a(CySpc.o)
 .debug_info    0x00012094      0x43d .\CortexM3\ARM_GCC_541\Debug\ElectronicGasPedal.a(ErikaOS_ee_tnterm.o)
 .debug_info    0x000124d1      0x487 .\CortexM3\ARM_GCC_541\Debug\ElectronicGasPedal.a(ErikaOS_ee_tstub.o)
 .debug_info    0x00012958      0x501 .\CortexM3\ARM_GCC_541\Debug\ElectronicGasPedal.a(ErikaOS_cortex_mx_ee_context.o)
 .debug_info    0x00012e59      0x6f9 .\CortexM3\ARM_GCC_541\Debug\ElectronicGasPedal.a(ErikaOS_ee_thendin.o)

.debug_abbrev   0x00000000     0x5348
 *(.debug_abbrev)
 .debug_abbrev  0x00000000      0x234 .\CortexM3\ARM_GCC_541\Debug\main.o
 .debug_abbrev  0x00000234      0x224 .\CortexM3\ARM_GCC_541\Debug\swc_brakelight.o
 .debug_abbrev  0x00000458      0x249 .\CortexM3\ARM_GCC_541\Debug\swc_control.o
 .debug_abbrev  0x000006a1      0x224 .\CortexM3\ARM_GCC_541\Debug\swc_engine.o
 .debug_abbrev  0x000008c5      0x250 .\CortexM3\ARM_GCC_541\Debug\swc_joystick.o
 .debug_abbrev  0x00000b15      0x158 .\CortexM3\ARM_GCC_541\Debug\tsk_control.o
 .debug_abbrev  0x00000c6d      0x167 .\CortexM3\ARM_GCC_541\Debug\tsk_io.o
 .debug_abbrev  0x00000dd4       0xaf .\CortexM3\ARM_GCC_541\Debug\tsk_system.o
 .debug_abbrev  0x00000e83       0xe2 .\CortexM3\ARM_GCC_541\Debug\adc.o
 .debug_abbrev  0x00000f65       0xf8 .\CortexM3\ARM_GCC_541\Debug\pwm_rgb.o
 .debug_abbrev  0x0000105d       0xed .\CortexM3\ARM_GCC_541\Debug\uart.o
 .debug_abbrev  0x0000114a      0x104 .\CortexM3\ARM_GCC_541\Debug\watchdog.o
 .debug_abbrev  0x0000124e      0x15c .\CortexM3\ARM_GCC_541\Debug\rte.o
 .debug_abbrev  0x000013aa      0x11c .\CortexM3\ARM_GCC_541\Debug\sc_adc_type.o
 .debug_abbrev  0x000014c6       0xf4 .\CortexM3\ARM_GCC_541\Debug\sc_gpio_type.o
 .debug_abbrev  0x000015ba       0xf4 .\CortexM3\ARM_GCC_541\Debug\sc_pwm_type.o
 .debug_abbrev  0x000016ae      0x193 .\CortexM3\ARM_GCC_541\Debug\sp_common.o
 .debug_abbrev  0x00001841      0x20d .\CortexM3\ARM_GCC_541\Debug\cyfitter_cfg.o
 .debug_abbrev  0x00001a4e       0x66 .\CortexM3\ARM_GCC_541\Debug\cymetadata.o
 .debug_abbrev  0x00001ab4      0x1e8 .\CortexM3\ARM_GCC_541\Debug\Cm3Start.o
 .debug_abbrev  0x00001c9c      0x254 .\CortexM3\ARM_GCC_541\Debug\ElectronicGasPedal.a(CyLib.o)
 .debug_abbrev  0x00001ef0      0x1ab .\CortexM3\ARM_GCC_541\Debug\ElectronicGasPedal.a(cyPm.o)
 .debug_abbrev  0x0000209b      0x175 .\CortexM3\ARM_GCC_541\Debug\ElectronicGasPedal.a(UART_Joystick.o)
 .debug_abbrev  0x00002210      0x139 .\CortexM3\ARM_GCC_541\Debug\ElectronicGasPedal.a(UART_Joystick_IntClock.o)
 .debug_abbrev  0x00002349      0x133 .\CortexM3\ARM_GCC_541\Debug\ElectronicGasPedal.a(PWM_Engine.o)
 .debug_abbrev  0x0000247c       0x90 .\CortexM3\ARM_GCC_541\Debug\ElectronicGasPedal.a(Pin_RedLed.o)
 .debug_abbrev  0x0000250c      0x1ac .\CortexM3\ARM_GCC_541\Debug\ElectronicGasPedal.a(ADC_JoyStick.o)
 .debug_abbrev  0x000026b8       0x42 .\CortexM3\ARM_GCC_541\Debug\ElectronicGasPedal.a(ADC_JoyStick_INT.o)
 .debug_abbrev  0x000026fa      0x121 .\CortexM3\ARM_GCC_541\Debug\ElectronicGasPedal.a(ADC_JoyStick_theACLK.o)
 .debug_abbrev  0x0000281b      0x284 .\CortexM3\ARM_GCC_541\Debug\ElectronicGasPedal.a(ErikaOS_ee_activate.o)
 .debug_abbrev  0x00002a9f      0x1f7 .\CortexM3\ARM_GCC_541\Debug\ElectronicGasPedal.a(ErikaOS_ee_alsetrel.o)
 .debug_abbrev  0x00002c96      0x362 .\CortexM3\ARM_GCC_541\Debug\ElectronicGasPedal.a(ErikaOS_ee_altick.o)
 .debug_abbrev  0x00002ff8      0x1e0 .\CortexM3\ARM_GCC_541\Debug\ElectronicGasPedal.a(ErikaOS_ee_evclear.o)
 .debug_abbrev  0x000031d8      0x150 .\CortexM3\ARM_GCC_541\Debug\ElectronicGasPedal.a(ErikaOS_ee_evget.o)
 .debug_abbrev  0x00003328      0x27f .\CortexM3\ARM_GCC_541\Debug\ElectronicGasPedal.a(ErikaOS_ee_evset.o)
 .debug_abbrev  0x000035a7      0x25d .\CortexM3\ARM_GCC_541\Debug\ElectronicGasPedal.a(ErikaOS_ee_evwait.o)
 .debug_abbrev  0x00003804      0x1da .\CortexM3\ARM_GCC_541\Debug\ElectronicGasPedal.a(ErikaOS_ee_irqendin.o)
 .debug_abbrev  0x000039de       0xcf .\CortexM3\ARM_GCC_541\Debug\ElectronicGasPedal.a(ErikaOS_ee_lookup.o)
 .debug_abbrev  0x00003aad       0xfc .\CortexM3\ARM_GCC_541\Debug\ElectronicGasPedal.a(ErikaOS_ee_rq_exchg.o)
 .debug_abbrev  0x00003ba9       0xed .\CortexM3\ARM_GCC_541\Debug\ElectronicGasPedal.a(ErikaOS_ee_rq_first.o)
 .debug_abbrev  0x00003c96      0x109 .\CortexM3\ARM_GCC_541\Debug\ElectronicGasPedal.a(ErikaOS_ee_rq_inser.o)
 .debug_abbrev  0x00003d9f      0x193 .\CortexM3\ARM_GCC_541\Debug\ElectronicGasPedal.a(ErikaOS_ee_shtdown.o)
 .debug_abbrev  0x00003f32      0x4a7 .\CortexM3\ARM_GCC_541\Debug\ElectronicGasPedal.a(ErikaOS_ee_startos.o)
 .debug_abbrev  0x000043d9      0x1de .\CortexM3\ARM_GCC_541\Debug\ElectronicGasPedal.a(ErikaOS_ee_terminat.o)
 .debug_abbrev  0x000045b7      0x1e3 .\CortexM3\ARM_GCC_541\Debug\ElectronicGasPedal.a(ErikaOS_cortex_mx_ee_utils.o)
 .debug_abbrev  0x0000479a       0xcf .\CortexM3\ARM_GCC_541\Debug\ElectronicGasPedal.a(ErikaOS_common_ee_hal_structs.o)
 .debug_abbrev  0x00004869      0x127 .\CortexM3\ARM_GCC_541\Debug\ElectronicGasPedal.a(ErikaOS_eecfg.o)
 .debug_abbrev  0x00004990       0x14 .\CortexM3\ARM_GCC_541\Debug\ElectronicGasPedal.a(CyBootAsmGnu.o)
 .debug_abbrev  0x000049a4       0x14 .\CortexM3\ARM_GCC_541\Debug\ElectronicGasPedal.a(ErikaOS_ee_gnu_change_context_isr.o)
 .debug_abbrev  0x000049b8       0x14 .\CortexM3\ARM_GCC_541\Debug\ElectronicGasPedal.a(ErikaOS_ee_gnu_irq_stack.o)
 .debug_abbrev  0x000049cc       0x14 .\CortexM3\ARM_GCC_541\Debug\ElectronicGasPedal.a(ErikaOS_ee_gnu_multi_context.o)
 .debug_abbrev  0x000049e0       0x14 .\CortexM3\ARM_GCC_541\Debug\ElectronicGasPedal.a(ErikaOS_ee_gnu_oo.o)
 .debug_abbrev  0x000049f4      0x1a7 .\CortexM3\ARM_GCC_541\Debug\ElectronicGasPedal.a(CyFlash.o)
 .debug_abbrev  0x00004b9b      0x194 .\CortexM3\ARM_GCC_541\Debug\ElectronicGasPedal.a(CySpc.o)
 .debug_abbrev  0x00004d2f      0x157 .\CortexM3\ARM_GCC_541\Debug\ElectronicGasPedal.a(ErikaOS_ee_tnterm.o)
 .debug_abbrev  0x00004e86      0x143 .\CortexM3\ARM_GCC_541\Debug\ElectronicGasPedal.a(ErikaOS_ee_tstub.o)
 .debug_abbrev  0x00004fc9      0x156 .\CortexM3\ARM_GCC_541\Debug\ElectronicGasPedal.a(ErikaOS_cortex_mx_ee_context.o)
 .debug_abbrev  0x0000511f      0x229 .\CortexM3\ARM_GCC_541\Debug\ElectronicGasPedal.a(ErikaOS_ee_thendin.o)

.debug_line     0x00000000     0x72fa
 *(.debug_line)
 .debug_line    0x00000000      0x4f4 .\CortexM3\ARM_GCC_541\Debug\main.o
 .debug_line    0x000004f4      0x39d .\CortexM3\ARM_GCC_541\Debug\swc_brakelight.o
 .debug_line    0x00000891      0x40c .\CortexM3\ARM_GCC_541\Debug\swc_control.o
 .debug_line    0x00000c9d      0x39b .\CortexM3\ARM_GCC_541\Debug\swc_engine.o
 .debug_line    0x00001038      0x3ec .\CortexM3\ARM_GCC_541\Debug\swc_joystick.o
 .debug_line    0x00001424      0x280 .\CortexM3\ARM_GCC_541\Debug\tsk_control.o
 .debug_line    0x000016a4      0x278 .\CortexM3\ARM_GCC_541\Debug\tsk_io.o
 .debug_line    0x0000191c      0x249 .\CortexM3\ARM_GCC_541\Debug\tsk_system.o
 .debug_line    0x00001b65      0x18a .\CortexM3\ARM_GCC_541\Debug\adc.o
 .debug_line    0x00001cef       0x8d .\CortexM3\ARM_GCC_541\Debug\pwm_rgb.o
 .debug_line    0x00001d7c       0x98 .\CortexM3\ARM_GCC_541\Debug\uart.o
 .debug_line    0x00001e14       0xc8 .\CortexM3\ARM_GCC_541\Debug\watchdog.o
 .debug_line    0x00001edc      0x287 .\CortexM3\ARM_GCC_541\Debug\rte.o
 .debug_line    0x00002163        0x0 .\CortexM3\ARM_GCC_541\Debug\sc_adc.o
 .debug_line    0x00002163      0x252 .\CortexM3\ARM_GCC_541\Debug\sc_adc_type.o
 .debug_line    0x000023b5        0x0 .\CortexM3\ARM_GCC_541\Debug\sc_gpio.o
 .debug_line    0x000023b5      0x24c .\CortexM3\ARM_GCC_541\Debug\sc_gpio_type.o
 .debug_line    0x00002601        0x0 .\CortexM3\ARM_GCC_541\Debug\sc_pwm.o
 .debug_line    0x00002601      0x249 .\CortexM3\ARM_GCC_541\Debug\sc_pwm_type.o
 .debug_line    0x0000284a        0x0 .\CortexM3\ARM_GCC_541\Debug\sc_speed.o
 .debug_line    0x0000284a      0x368 .\CortexM3\ARM_GCC_541\Debug\sp_common.o
 .debug_line    0x00002bb2      0x207 .\CortexM3\ARM_GCC_541\Debug\cyfitter_cfg.o
 .debug_line    0x00002db9      0x141 .\CortexM3\ARM_GCC_541\Debug\cymetadata.o
 .debug_line    0x00002efa      0x234 .\CortexM3\ARM_GCC_541\Debug\Cm3Start.o
 .debug_line    0x0000312e      0x816 .\CortexM3\ARM_GCC_541\Debug\ElectronicGasPedal.a(CyLib.o)
 .debug_line    0x00003944      0x367 .\CortexM3\ARM_GCC_541\Debug\ElectronicGasPedal.a(cyPm.o)
 .debug_line    0x00003cab      0x2ce .\CortexM3\ARM_GCC_541\Debug\ElectronicGasPedal.a(UART_Joystick.o)
 .debug_line    0x00003f79      0x185 .\CortexM3\ARM_GCC_541\Debug\ElectronicGasPedal.a(UART_Joystick_IntClock.o)
 .debug_line    0x000040fe      0x18a .\CortexM3\ARM_GCC_541\Debug\ElectronicGasPedal.a(PWM_Engine.o)
 .debug_line    0x00004288       0x97 .\CortexM3\ARM_GCC_541\Debug\ElectronicGasPedal.a(Pin_RedLed.o)
 .debug_line    0x0000431f      0x228 .\CortexM3\ARM_GCC_541\Debug\ElectronicGasPedal.a(ADC_JoyStick.o)
 .debug_line    0x00004547       0x59 .\CortexM3\ARM_GCC_541\Debug\ElectronicGasPedal.a(ADC_JoyStick_INT.o)
 .debug_line    0x000045a0      0x1a6 .\CortexM3\ARM_GCC_541\Debug\ElectronicGasPedal.a(ADC_JoyStick_theACLK.o)
 .debug_line    0x00004746      0x1e6 .\CortexM3\ARM_GCC_541\Debug\ElectronicGasPedal.a(ErikaOS_ee_activate.o)
 .debug_line    0x0000492c      0x1bd .\CortexM3\ARM_GCC_541\Debug\ElectronicGasPedal.a(ErikaOS_ee_alsetrel.o)
 .debug_line    0x00004ae9      0x2f1 .\CortexM3\ARM_GCC_541\Debug\ElectronicGasPedal.a(ErikaOS_ee_altick.o)
 .debug_line    0x00004dda      0x1c1 .\CortexM3\ARM_GCC_541\Debug\ElectronicGasPedal.a(ErikaOS_ee_evclear.o)
 .debug_line    0x00004f9b      0x14b .\CortexM3\ARM_GCC_541\Debug\ElectronicGasPedal.a(ErikaOS_ee_evget.o)
 .debug_line    0x000050e6      0x1e3 .\CortexM3\ARM_GCC_541\Debug\ElectronicGasPedal.a(ErikaOS_ee_evset.o)
 .debug_line    0x000052c9      0x1ef .\CortexM3\ARM_GCC_541\Debug\ElectronicGasPedal.a(ErikaOS_ee_evwait.o)
 .debug_line    0x000054b8      0x190 .\CortexM3\ARM_GCC_541\Debug\ElectronicGasPedal.a(ErikaOS_ee_irqendin.o)
 .debug_line    0x00005648      0x10b .\CortexM3\ARM_GCC_541\Debug\ElectronicGasPedal.a(ErikaOS_ee_lookup.o)
 .debug_line    0x00005753      0x14b .\CortexM3\ARM_GCC_541\Debug\ElectronicGasPedal.a(ErikaOS_ee_rq_exchg.o)
 .debug_line    0x0000589e      0x142 .\CortexM3\ARM_GCC_541\Debug\ElectronicGasPedal.a(ErikaOS_ee_rq_first.o)
 .debug_line    0x000059e0      0x146 .\CortexM3\ARM_GCC_541\Debug\ElectronicGasPedal.a(ErikaOS_ee_rq_inser.o)
 .debug_line    0x00005b26      0x169 .\CortexM3\ARM_GCC_541\Debug\ElectronicGasPedal.a(ErikaOS_ee_shtdown.o)
 .debug_line    0x00005c8f      0x3e8 .\CortexM3\ARM_GCC_541\Debug\ElectronicGasPedal.a(ErikaOS_ee_startos.o)
 .debug_line    0x00006077      0x1ac .\CortexM3\ARM_GCC_541\Debug\ElectronicGasPedal.a(ErikaOS_ee_terminat.o)
 .debug_line    0x00006223      0x174 .\CortexM3\ARM_GCC_541\Debug\ElectronicGasPedal.a(ErikaOS_cortex_mx_ee_utils.o)
 .debug_line    0x00006397       0xed .\CortexM3\ARM_GCC_541\Debug\ElectronicGasPedal.a(ErikaOS_common_ee_hal_structs.o)
 .debug_line    0x00006484      0x12c .\CortexM3\ARM_GCC_541\Debug\ElectronicGasPedal.a(ErikaOS_eecfg.o)
 .debug_line    0x000065b0       0x66 .\CortexM3\ARM_GCC_541\Debug\ElectronicGasPedal.a(CyBootAsmGnu.o)
 .debug_line    0x00006616       0xac .\CortexM3\ARM_GCC_541\Debug\ElectronicGasPedal.a(ErikaOS_ee_gnu_change_context_isr.o)
 .debug_line    0x000066c2       0x72 .\CortexM3\ARM_GCC_541\Debug\ElectronicGasPedal.a(ErikaOS_ee_gnu_irq_stack.o)
 .debug_line    0x00006734       0x9b .\CortexM3\ARM_GCC_541\Debug\ElectronicGasPedal.a(ErikaOS_ee_gnu_multi_context.o)
 .debug_line    0x000067cf       0x97 .\CortexM3\ARM_GCC_541\Debug\ElectronicGasPedal.a(ErikaOS_ee_gnu_oo.o)
 .debug_line    0x00006866      0x21a .\CortexM3\ARM_GCC_541\Debug\ElectronicGasPedal.a(CyFlash.o)
 .debug_line    0x00006a80      0x260 .\CortexM3\ARM_GCC_541\Debug\ElectronicGasPedal.a(CySpc.o)
 .debug_line    0x00006ce0      0x169 .\CortexM3\ARM_GCC_541\Debug\ElectronicGasPedal.a(ErikaOS_ee_tnterm.o)
 .debug_line    0x00006e49      0x160 .\CortexM3\ARM_GCC_541\Debug\ElectronicGasPedal.a(ErikaOS_ee_tstub.o)
 .debug_line    0x00006fa9      0x19a .\CortexM3\ARM_GCC_541\Debug\ElectronicGasPedal.a(ErikaOS_cortex_mx_ee_context.o)
 .debug_line    0x00007143      0x1b7 .\CortexM3\ARM_GCC_541\Debug\ElectronicGasPedal.a(ErikaOS_ee_thendin.o)

.debug_frame    0x00000000     0x23cc
 *(.debug_frame)
 .debug_frame   0x00000000      0x10c .\CortexM3\ARM_GCC_541\Debug\main.o
 .debug_frame   0x0000010c       0x30 .\CortexM3\ARM_GCC_541\Debug\swc_brakelight.o
 .debug_frame   0x0000013c       0x38 .\CortexM3\ARM_GCC_541\Debug\swc_control.o
 .debug_frame   0x00000174       0x34 .\CortexM3\ARM_GCC_541\Debug\swc_engine.o
 .debug_frame   0x000001a8       0x38 .\CortexM3\ARM_GCC_541\Debug\swc_joystick.o
 .debug_frame   0x000001e0       0x2c .\CortexM3\ARM_GCC_541\Debug\tsk_control.o
 .debug_frame   0x0000020c       0x2c .\CortexM3\ARM_GCC_541\Debug\tsk_io.o
 .debug_frame   0x00000238       0x2c .\CortexM3\ARM_GCC_541\Debug\tsk_system.o
 .debug_frame   0x00000264       0x48 .\CortexM3\ARM_GCC_541\Debug\adc.o
 .debug_frame   0x000002ac       0x48 .\CortexM3\ARM_GCC_541\Debug\pwm_rgb.o
 .debug_frame   0x000002f4       0x48 .\CortexM3\ARM_GCC_541\Debug\uart.o
 .debug_frame   0x0000033c       0x68 .\CortexM3\ARM_GCC_541\Debug\watchdog.o
 .debug_frame   0x000003a4       0x60 .\CortexM3\ARM_GCC_541\Debug\rte.o
 .debug_frame   0x00000404       0x30 .\CortexM3\ARM_GCC_541\Debug\sc_adc_type.o
 .debug_frame   0x00000434       0x2c .\CortexM3\ARM_GCC_541\Debug\sc_gpio_type.o
 .debug_frame   0x00000460       0x2c .\CortexM3\ARM_GCC_541\Debug\sc_pwm_type.o
 .debug_frame   0x0000048c       0x20 .\CortexM3\ARM_GCC_541\Debug\sp_common.o
 .debug_frame   0x000004ac       0xfc .\CortexM3\ARM_GCC_541\Debug\cyfitter_cfg.o
 .debug_frame   0x000005a8       0xb8 .\CortexM3\ARM_GCC_541\Debug\Cm3Start.o
 .debug_frame   0x00000660      0x738 .\CortexM3\ARM_GCC_541\Debug\ElectronicGasPedal.a(CyLib.o)
 .debug_frame   0x00000d98      0x1f8 .\CortexM3\ARM_GCC_541\Debug\ElectronicGasPedal.a(cyPm.o)
 .debug_frame   0x00000f90      0x250 .\CortexM3\ARM_GCC_541\Debug\ElectronicGasPedal.a(UART_Joystick.o)
 .debug_frame   0x000011e0       0xe0 .\CortexM3\ARM_GCC_541\Debug\ElectronicGasPedal.a(UART_Joystick_IntClock.o)
 .debug_frame   0x000012c0      0x134 .\CortexM3\ARM_GCC_541\Debug\ElectronicGasPedal.a(PWM_Engine.o)
 .debug_frame   0x000013f4       0x50 .\CortexM3\ARM_GCC_541\Debug\ElectronicGasPedal.a(Pin_RedLed.o)
 .debug_frame   0x00001444      0x1b0 .\CortexM3\ARM_GCC_541\Debug\ElectronicGasPedal.a(ADC_JoyStick.o)
 .debug_frame   0x000015f4       0x20 .\CortexM3\ARM_GCC_541\Debug\ElectronicGasPedal.a(ADC_JoyStick_INT.o)
 .debug_frame   0x00001614      0x100 .\CortexM3\ARM_GCC_541\Debug\ElectronicGasPedal.a(ADC_JoyStick_theACLK.o)
 .debug_frame   0x00001714       0x30 .\CortexM3\ARM_GCC_541\Debug\ElectronicGasPedal.a(ErikaOS_ee_activate.o)
 .debug_frame   0x00001744       0x38 .\CortexM3\ARM_GCC_541\Debug\ElectronicGasPedal.a(ErikaOS_ee_alsetrel.o)
 .debug_frame   0x0000177c      0x10c .\CortexM3\ARM_GCC_541\Debug\ElectronicGasPedal.a(ErikaOS_ee_altick.o)
 .debug_frame   0x00001888       0x38 .\CortexM3\ARM_GCC_541\Debug\ElectronicGasPedal.a(ErikaOS_ee_evclear.o)
 .debug_frame   0x000018c0       0x20 .\CortexM3\ARM_GCC_541\Debug\ElectronicGasPedal.a(ErikaOS_ee_evget.o)
 .debug_frame   0x000018e0       0x30 .\CortexM3\ARM_GCC_541\Debug\ElectronicGasPedal.a(ErikaOS_ee_evset.o)
 .debug_frame   0x00001910       0x30 .\CortexM3\ARM_GCC_541\Debug\ElectronicGasPedal.a(ErikaOS_ee_evwait.o)
 .debug_frame   0x00001940       0x58 .\CortexM3\ARM_GCC_541\Debug\ElectronicGasPedal.a(ErikaOS_ee_irqendin.o)
 .debug_frame   0x00001998       0x3c .\CortexM3\ARM_GCC_541\Debug\ElectronicGasPedal.a(ErikaOS_ee_rq_exchg.o)
 .debug_frame   0x000019d4       0x20 .\CortexM3\ARM_GCC_541\Debug\ElectronicGasPedal.a(ErikaOS_ee_rq_first.o)
 .debug_frame   0x000019f4       0x30 .\CortexM3\ARM_GCC_541\Debug\ElectronicGasPedal.a(ErikaOS_ee_rq_inser.o)
 .debug_frame   0x00001a24       0x58 .\CortexM3\ARM_GCC_541\Debug\ElectronicGasPedal.a(ErikaOS_ee_shtdown.o)
 .debug_frame   0x00001a7c       0x90 .\CortexM3\ARM_GCC_541\Debug\ElectronicGasPedal.a(ErikaOS_ee_startos.o)
 .debug_frame   0x00001b0c       0x2c .\CortexM3\ARM_GCC_541\Debug\ElectronicGasPedal.a(ErikaOS_ee_terminat.o)
 .debug_frame   0x00001b38       0x30 .\CortexM3\ARM_GCC_541\Debug\ElectronicGasPedal.a(ErikaOS_cortex_mx_ee_utils.o)
 .debug_frame   0x00001b68      0x194 .\CortexM3\ARM_GCC_541\Debug\ElectronicGasPedal.a(CyFlash.o)
 .debug_frame   0x00001cfc      0x180 .\CortexM3\ARM_GCC_541\Debug\ElectronicGasPedal.a(CySpc.o)
 .debug_frame   0x00001e7c       0x2c .\CortexM3\ARM_GCC_541\Debug\ElectronicGasPedal.a(ErikaOS_ee_tnterm.o)
 .debug_frame   0x00001ea8       0x2c .\CortexM3\ARM_GCC_541\Debug\ElectronicGasPedal.a(ErikaOS_ee_tstub.o)
 .debug_frame   0x00001ed4       0x3c .\CortexM3\ARM_GCC_541\Debug\ElectronicGasPedal.a(ErikaOS_cortex_mx_ee_context.o)
 .debug_frame   0x00001f10       0x5c .\CortexM3\ARM_GCC_541\Debug\ElectronicGasPedal.a(ErikaOS_ee_thendin.o)
 .debug_frame   0x00001f6c       0x44 c:/program files (x86)/cypress/psoc creator/4.4/psoc creator/import/gnu/arm/5.4.1/bin/../lib/gcc/arm-none-eabi/5.4.1/armv7-m\libgcc.a(_aeabi_ldivmod.o)
 .debug_frame   0x00001fb0       0x38 c:/program files (x86)/cypress/psoc creator/4.4/psoc creator/import/gnu/arm/5.4.1/bin/../lib/gcc/arm-none-eabi/5.4.1/armv7-m\libgcc.a(_udivmoddi4.o)
 .debug_frame   0x00001fe8       0x20 c:/program files (x86)/cypress/psoc creator/4.4/psoc creator/import/gnu/arm/5.4.1/bin/../lib/gcc/arm-none-eabi/5.4.1/../../../../arm-none-eabi/lib/armv7-m\libg_nano.a(lib_a-errno.o)
 .debug_frame   0x00002008       0x28 c:/program files (x86)/cypress/psoc creator/4.4/psoc creator/import/gnu/arm/5.4.1/bin/../lib/gcc/arm-none-eabi/5.4.1/../../../../arm-none-eabi/lib/armv7-m\libg_nano.a(lib_a-exit.o)
 .debug_frame   0x00002030       0x2c c:/program files (x86)/cypress/psoc creator/4.4/psoc creator/import/gnu/arm/5.4.1/bin/../lib/gcc/arm-none-eabi/5.4.1/../../../../arm-none-eabi/lib/armv7-m\libg_nano.a(lib_a-init.o)
 .debug_frame   0x0000205c       0x28 c:/program files (x86)/cypress/psoc creator/4.4/psoc creator/import/gnu/arm/5.4.1/bin/../lib/gcc/arm-none-eabi/5.4.1/../../../../arm-none-eabi/lib/armv7-m\libg_nano.a(lib_a-memcpy-stub.o)
 .debug_frame   0x00002084       0x20 c:/program files (x86)/cypress/psoc creator/4.4/psoc creator/import/gnu/arm/5.4.1/bin/../lib/gcc/arm-none-eabi/5.4.1/../../../../arm-none-eabi/lib/armv7-m\libg_nano.a(lib_a-memset.o)
 .debug_frame   0x000020a4       0x70 c:/program files (x86)/cypress/psoc creator/4.4/psoc creator/import/gnu/arm/5.4.1/bin/../lib/gcc/arm-none-eabi/5.4.1/../../../../arm-none-eabi/lib/armv7-m\libg_nano.a(lib_a-sprintf.o)
 .debug_frame   0x00002114       0x90 c:/program files (x86)/cypress/psoc creator/4.4/psoc creator/import/gnu/arm/5.4.1/bin/../lib/gcc/arm-none-eabi/5.4.1/../../../../arm-none-eabi/lib/armv7-m\libg_nano.a(lib_a-nano-svfprintf.o)
 .debug_frame   0x000021a4       0x60 c:/program files (x86)/cypress/psoc creator/4.4/psoc creator/import/gnu/arm/5.4.1/bin/../lib/gcc/arm-none-eabi/5.4.1/../../../../arm-none-eabi/lib/armv7-m\libg_nano.a(lib_a-nano-vfprintf_i.o)
 .debug_frame   0x00002204       0x28 c:/program files (x86)/cypress/psoc creator/4.4/psoc creator/import/gnu/arm/5.4.1/bin/../lib/gcc/arm-none-eabi/5.4.1/../../../../arm-none-eabi/lib/armv7-m\libg_nano.a(lib_a-memchr-stub.o)
 .debug_frame   0x0000222c       0x28 c:/program files (x86)/cypress/psoc creator/4.4/psoc creator/import/gnu/arm/5.4.1/bin/../lib/gcc/arm-none-eabi/5.4.1/../../../../arm-none-eabi/lib/armv7-m\libg_nano.a(lib_a-memmove.o)
 .debug_frame   0x00002254       0x38 c:/program files (x86)/cypress/psoc creator/4.4/psoc creator/import/gnu/arm/5.4.1/bin/../lib/gcc/arm-none-eabi/5.4.1/../../../../arm-none-eabi/lib/armv7-m\libg_nano.a(lib_a-nano-freer.o)
 .debug_frame   0x0000228c       0x2c c:/program files (x86)/cypress/psoc creator/4.4/psoc creator/import/gnu/arm/5.4.1/bin/../lib/gcc/arm-none-eabi/5.4.1/../../../../arm-none-eabi/lib/armv7-m\libg_nano.a(lib_a-nano-mallocr.o)
 .debug_frame   0x000022b8       0x3c c:/program files (x86)/cypress/psoc creator/4.4/psoc creator/import/gnu/arm/5.4.1/bin/../lib/gcc/arm-none-eabi/5.4.1/../../../../arm-none-eabi/lib/armv7-m\libg_nano.a(lib_a-nano-reallocr.o)
 .debug_frame   0x000022f4       0x2c c:/program files (x86)/cypress/psoc creator/4.4/psoc creator/import/gnu/arm/5.4.1/bin/../lib/gcc/arm-none-eabi/5.4.1/../../../../arm-none-eabi/lib/armv7-m\libg_nano.a(lib_a-sbrkr.o)
 .debug_frame   0x00002320       0x30 c:/program files (x86)/cypress/psoc creator/4.4/psoc creator/import/gnu/arm/5.4.1/bin/../lib/gcc/arm-none-eabi/5.4.1/../../../../arm-none-eabi/lib/armv7-m\libg_nano.a(lib_a-mlock.o)
 .debug_frame   0x00002350       0x20 c:/program files (x86)/cypress/psoc creator/4.4/psoc creator/import/gnu/arm/5.4.1/bin/../lib/gcc/arm-none-eabi/5.4.1/../../../../arm-none-eabi/lib/armv7-m\libg_nano.a(lib_a-nano-msizer.o)
 .debug_frame   0x00002370       0x5c c:/program files (x86)/cypress/psoc creator/4.4/psoc creator/import/gnu/arm/5.4.1/bin/../lib/gcc/arm-none-eabi/5.4.1/../../../../arm-none-eabi/lib/armv7-m\libg_nano.a(lib_a-reent.o)

.debug_str      0x00000000     0x4714
 *(.debug_str)
 .debug_str     0x00000000      0x580 .\CortexM3\ARM_GCC_541\Debug\main.o
                                0x5fa (size before relaxing)
 .debug_str     0x00000580      0x4fc .\CortexM3\ARM_GCC_541\Debug\swc_brakelight.o
                                0x77c (size before relaxing)
 .debug_str     0x00000a7c      0x12a .\CortexM3\ARM_GCC_541\Debug\swc_control.o
                                0x773 (size before relaxing)
 .debug_str     0x00000ba6       0xfb .\CortexM3\ARM_GCC_541\Debug\swc_engine.o
                                0x786 (size before relaxing)
 .debug_str     0x00000ca1       0x7b .\CortexM3\ARM_GCC_541\Debug\swc_joystick.o
                                0x6bc (size before relaxing)
 .debug_str     0x00000d1c       0xe3 .\CortexM3\ARM_GCC_541\Debug\tsk_control.o
                                0x340 (size before relaxing)
 .debug_str     0x00000dff       0xdd .\CortexM3\ARM_GCC_541\Debug\tsk_io.o
                                0x3be (size before relaxing)
 .debug_str     0x00000edc       0x44 .\CortexM3\ARM_GCC_541\Debug\tsk_system.o
                                0x28e (size before relaxing)
 .debug_str     0x00000f20       0x93 .\CortexM3\ARM_GCC_541\Debug\adc.o
                                0x3d7 (size before relaxing)
 .debug_str     0x00000fb3       0x72 .\CortexM3\ARM_GCC_541\Debug\pwm_rgb.o
                                0x3d9 (size before relaxing)
 .debug_str     0x00001025       0x50 .\CortexM3\ARM_GCC_541\Debug\uart.o
                                0x3af (size before relaxing)
 .debug_str     0x00001075       0x61 .\CortexM3\ARM_GCC_541\Debug\watchdog.o
                                0x434 (size before relaxing)
 .debug_str     0x000010d6       0x1b .\CortexM3\ARM_GCC_541\Debug\rte.o
                                0x4c2 (size before relaxing)
 .debug_str     0x000010f1       0x14 .\CortexM3\ARM_GCC_541\Debug\sc_adc.o
                                 0xe4 (size before relaxing)
 .debug_str     0x00001105       0x35 .\CortexM3\ARM_GCC_541\Debug\sc_adc_type.o
                                0x478 (size before relaxing)
 .debug_str     0x0000113a       0x15 .\CortexM3\ARM_GCC_541\Debug\sc_gpio.o
                                 0xe5 (size before relaxing)
 .debug_str     0x0000114f       0x3d .\CortexM3\ARM_GCC_541\Debug\sc_gpio_type.o
                                0x472 (size before relaxing)
 .debug_str     0x0000118c       0x14 .\CortexM3\ARM_GCC_541\Debug\sc_pwm.o
                                 0xe4 (size before relaxing)
 .debug_str     0x000011a0       0x2a .\CortexM3\ARM_GCC_541\Debug\sc_pwm_type.o
                                0x475 (size before relaxing)
 .debug_str     0x000011ca       0x16 .\CortexM3\ARM_GCC_541\Debug\sc_speed.o
                                 0xe6 (size before relaxing)
 .debug_str     0x000011e0       0xd0 .\CortexM3\ARM_GCC_541\Debug\sp_common.o
                                0x87b (size before relaxing)
 .debug_str     0x000012b0      0x192 .\CortexM3\ARM_GCC_541\Debug\cyfitter_cfg.o
                                0x34e (size before relaxing)
 .debug_str     0x00001442       0x75 .\CortexM3\ARM_GCC_541\Debug\cymetadata.o
                                0x1e4 (size before relaxing)
 .debug_str     0x000014b7      0x13f .\CortexM3\ARM_GCC_541\Debug\Cm3Start.o
                                0x30a (size before relaxing)
 .debug_str     0x000015f6      0x802 .\CortexM3\ARM_GCC_541\Debug\ElectronicGasPedal.a(CyLib.o)
                                0xa47 (size before relaxing)
 .debug_str     0x00001df8      0x365 .\CortexM3\ARM_GCC_541\Debug\ElectronicGasPedal.a(cyPm.o)
                                0x733 (size before relaxing)
 .debug_str     0x0000215d      0x38a .\CortexM3\ARM_GCC_541\Debug\ElectronicGasPedal.a(UART_Joystick.o)
                                0x58c (size before relaxing)
 .debug_str     0x000024e7      0x1dd .\CortexM3\ARM_GCC_541\Debug\ElectronicGasPedal.a(UART_Joystick_IntClock.o)
                                0x3a2 (size before relaxing)
 .debug_str     0x000026c4      0x1be .\CortexM3\ARM_GCC_541\Debug\ElectronicGasPedal.a(PWM_Engine.o)
                                0x3b0 (size before relaxing)
 .debug_str     0x00002882       0x6e .\CortexM3\ARM_GCC_541\Debug\ElectronicGasPedal.a(Pin_RedLed.o)
                                0x1fb (size before relaxing)
 .debug_str     0x000028f0      0x25c .\CortexM3\ARM_GCC_541\Debug\ElectronicGasPedal.a(ADC_JoyStick.o)
                                0x512 (size before relaxing)
 .debug_str     0x00002b4c       0x3b .\CortexM3\ARM_GCC_541\Debug\ElectronicGasPedal.a(ADC_JoyStick_INT.o)
                                0x1a1 (size before relaxing)
 .debug_str     0x00002b87      0x1e3 .\CortexM3\ARM_GCC_541\Debug\ElectronicGasPedal.a(ADC_JoyStick_theACLK.o)
                                0x3df (size before relaxing)
 .debug_str     0x00002d6a      0x5aa .\CortexM3\ARM_GCC_541\Debug\ElectronicGasPedal.a(ErikaOS_ee_activate.o)
                                0x805 (size before relaxing)
 .debug_str     0x00003314       0x97 .\CortexM3\ARM_GCC_541\Debug\ElectronicGasPedal.a(ErikaOS_ee_alsetrel.o)
                                0x5fd (size before relaxing)
 .debug_str     0x000033ab      0x230 .\CortexM3\ARM_GCC_541\Debug\ElectronicGasPedal.a(ErikaOS_ee_altick.o)
                                0xa60 (size before relaxing)
 .debug_str     0x000035db       0x2c .\CortexM3\ARM_GCC_541\Debug\ElectronicGasPedal.a(ErikaOS_ee_evclear.o)
                                0x5dd (size before relaxing)
 .debug_str     0x00003607       0x5b .\CortexM3\ARM_GCC_541\Debug\ElectronicGasPedal.a(ErikaOS_ee_evget.o)
                                0x54d (size before relaxing)
 .debug_str     0x00003662       0x2a .\CortexM3\ARM_GCC_541\Debug\ElectronicGasPedal.a(ErikaOS_ee_evset.o)
                                0x7dd (size before relaxing)
 .debug_str     0x0000368c       0x8d .\CortexM3\ARM_GCC_541\Debug\ElectronicGasPedal.a(ErikaOS_ee_evwait.o)
                                0x821 (size before relaxing)
 .debug_str     0x00003719       0xc8 .\CortexM3\ARM_GCC_541\Debug\ElectronicGasPedal.a(ErikaOS_ee_irqendin.o)
                                0x6ba (size before relaxing)
 .debug_str     0x000037e1       0x2b .\CortexM3\ARM_GCC_541\Debug\ElectronicGasPedal.a(ErikaOS_ee_lookup.o)
                                0x489 (size before relaxing)
 .debug_str     0x0000380c       0x8a .\CortexM3\ARM_GCC_541\Debug\ElectronicGasPedal.a(ErikaOS_ee_rq_exchg.o)
                                0x4fb (size before relaxing)
 .debug_str     0x00003896       0x2d .\CortexM3\ARM_GCC_541\Debug\ElectronicGasPedal.a(ErikaOS_ee_rq_first.o)
                                0x4c6 (size before relaxing)
 .debug_str     0x000038c3       0x38 .\CortexM3\ARM_GCC_541\Debug\ElectronicGasPedal.a(ErikaOS_ee_rq_inser.o)
                                0x500 (size before relaxing)
 .debug_str     0x000038fb       0x8d .\CortexM3\ARM_GCC_541\Debug\ElectronicGasPedal.a(ErikaOS_ee_shtdown.o)
                                0x571 (size before relaxing)
 .debug_str     0x00003988      0x892 .\CortexM3\ARM_GCC_541\Debug\ElectronicGasPedal.a(ErikaOS_ee_startos.o)
                               0x172c (size before relaxing)
 .debug_str     0x0000421a       0x5b .\CortexM3\ARM_GCC_541\Debug\ElectronicGasPedal.a(ErikaOS_ee_terminat.o)
                                0x5ea (size before relaxing)
 .debug_str     0x00004275       0x71 .\CortexM3\ARM_GCC_541\Debug\ElectronicGasPedal.a(ErikaOS_cortex_mx_ee_utils.o)
                                0x558 (size before relaxing)
 .debug_str     0x000042e6       0x37 .\CortexM3\ARM_GCC_541\Debug\ElectronicGasPedal.a(ErikaOS_common_ee_hal_structs.o)
                                0x495 (size before relaxing)
 .debug_str     0x0000431d      0x19d .\CortexM3\ARM_GCC_541\Debug\ElectronicGasPedal.a(ErikaOS_eecfg.o)
                                0x7e3 (size before relaxing)
 .debug_str     0x000044ba       0x6c .\CortexM3\ARM_GCC_541\Debug\ElectronicGasPedal.a(CyFlash.o)
                                0x3c0 (size before relaxing)
 .debug_str     0x00004526       0x64 .\CortexM3\ARM_GCC_541\Debug\ElectronicGasPedal.a(CySpc.o)
                                0x338 (size before relaxing)
 .debug_str     0x0000458a       0x44 .\CortexM3\ARM_GCC_541\Debug\ElectronicGasPedal.a(ErikaOS_ee_tnterm.o)
                                0x4fc (size before relaxing)
 .debug_str     0x000045ce       0x55 .\CortexM3\ARM_GCC_541\Debug\ElectronicGasPedal.a(ErikaOS_ee_tstub.o)
                                0x5d3 (size before relaxing)
 .debug_str     0x00004623       0x8a .\CortexM3\ARM_GCC_541\Debug\ElectronicGasPedal.a(ErikaOS_cortex_mx_ee_context.o)
                                0x58a (size before relaxing)
 .debug_str     0x000046ad       0x67 .\CortexM3\ARM_GCC_541\Debug\ElectronicGasPedal.a(ErikaOS_ee_thendin.o)
                                0x750 (size before relaxing)

.debug_loc      0x00000000     0x3abb
 *(.debug_loc)
 .debug_loc     0x00000000      0x13a .\CortexM3\ARM_GCC_541\Debug\main.o
 .debug_loc     0x0000013a       0xc1 .\CortexM3\ARM_GCC_541\Debug\swc_brakelight.o
 .debug_loc     0x000001fb       0x96 .\CortexM3\ARM_GCC_541\Debug\swc_control.o